Archive member included to satisfy reference by file (symbol)

C:/ST/STM32CubeIDE_1.16.1/STM32CubeIDE/plugins/com.st.stm32cube.ide.mcu.externaltools.gnu-tools-for-stm32.12.3.rel1.win32_1.1.0.202410251130/tools/bin/../lib/gcc/arm-none-eabi/12.3.1/../../../../arm-none-eabi/lib/thumb/v7e-m+fp/hard\libc_nano.a(libc_a-exit.o)
                              C:/ST/STM32CubeIDE_1.16.1/STM32CubeIDE/plugins/com.st.stm32cube.ide.mcu.externaltools.gnu-tools-for-stm32.12.3.rel1.win32_1.1.0.202410251130/tools/bin/../lib/gcc/arm-none-eabi/12.3.1/../../../../arm-none-eabi/lib/thumb/v7e-m+fp/hard/crt0.o (exit)
C:/ST/STM32CubeIDE_1.16.1/STM32CubeIDE/plugins/com.st.stm32cube.ide.mcu.externaltools.gnu-tools-for-stm32.12.3.rel1.win32_1.1.0.202410251130/tools/bin/../lib/gcc/arm-none-eabi/12.3.1/../../../../arm-none-eabi/lib/thumb/v7e-m+fp/hard\libc_nano.a(libc_a-malloc.o)
                              ./Core/Src/FifoBuffer.o (malloc)
C:/ST/STM32CubeIDE_1.16.1/STM32CubeIDE/plugins/com.st.stm32cube.ide.mcu.externaltools.gnu-tools-for-stm32.12.3.rel1.win32_1.1.0.202410251130/tools/bin/../lib/gcc/arm-none-eabi/12.3.1/../../../../arm-none-eabi/lib/thumb/v7e-m+fp/hard\libc_nano.a(libc_a-mallocr.o)
                              C:/ST/STM32CubeIDE_1.16.1/STM32CubeIDE/plugins/com.st.stm32cube.ide.mcu.externaltools.gnu-tools-for-stm32.12.3.rel1.win32_1.1.0.202410251130/tools/bin/../lib/gcc/arm-none-eabi/12.3.1/../../../../arm-none-eabi/lib/thumb/v7e-m+fp/hard\libc_nano.a(libc_a-malloc.o) (_malloc_r)
C:/ST/STM32CubeIDE_1.16.1/STM32CubeIDE/plugins/com.st.stm32cube.ide.mcu.externaltools.gnu-tools-for-stm32.12.3.rel1.win32_1.1.0.202410251130/tools/bin/../lib/gcc/arm-none-eabi/12.3.1/../../../../arm-none-eabi/lib/thumb/v7e-m+fp/hard\libc_nano.a(libc_a-mlock.o)
                              C:/ST/STM32CubeIDE_1.16.1/STM32CubeIDE/plugins/com.st.stm32cube.ide.mcu.externaltools.gnu-tools-for-stm32.12.3.rel1.win32_1.1.0.202410251130/tools/bin/../lib/gcc/arm-none-eabi/12.3.1/../../../../arm-none-eabi/lib/thumb/v7e-m+fp/hard\libc_nano.a(libc_a-mallocr.o) (__malloc_lock)
C:/ST/STM32CubeIDE_1.16.1/STM32CubeIDE/plugins/com.st.stm32cube.ide.mcu.externaltools.gnu-tools-for-stm32.12.3.rel1.win32_1.1.0.202410251130/tools/bin/../lib/gcc/arm-none-eabi/12.3.1/../../../../arm-none-eabi/lib/thumb/v7e-m+fp/hard\libc_nano.a(libc_a-findfp.o)
                              C:/ST/STM32CubeIDE_1.16.1/STM32CubeIDE/plugins/com.st.stm32cube.ide.mcu.externaltools.gnu-tools-for-stm32.12.3.rel1.win32_1.1.0.202410251130/tools/bin/../lib/gcc/arm-none-eabi/12.3.1/../../../../arm-none-eabi/lib/thumb/v7e-m+fp/hard\libc_nano.a(libc_a-exit.o) (__stdio_exit_handler)
C:/ST/STM32CubeIDE_1.16.1/STM32CubeIDE/plugins/com.st.stm32cube.ide.mcu.externaltools.gnu-tools-for-stm32.12.3.rel1.win32_1.1.0.202410251130/tools/bin/../lib/gcc/arm-none-eabi/12.3.1/../../../../arm-none-eabi/lib/thumb/v7e-m+fp/hard\libc_nano.a(libc_a-fwalk.o)
                              C:/ST/STM32CubeIDE_1.16.1/STM32CubeIDE/plugins/com.st.stm32cube.ide.mcu.externaltools.gnu-tools-for-stm32.12.3.rel1.win32_1.1.0.202410251130/tools/bin/../lib/gcc/arm-none-eabi/12.3.1/../../../../arm-none-eabi/lib/thumb/v7e-m+fp/hard\libc_nano.a(libc_a-findfp.o) (_fwalk_sglue)
C:/ST/STM32CubeIDE_1.16.1/STM32CubeIDE/plugins/com.st.stm32cube.ide.mcu.externaltools.gnu-tools-for-stm32.12.3.rel1.win32_1.1.0.202410251130/tools/bin/../lib/gcc/arm-none-eabi/12.3.1/../../../../arm-none-eabi/lib/thumb/v7e-m+fp/hard\libc_nano.a(libc_a-sprintf.o)
                              ./Core/Src/sim808.o (sprintf)
C:/ST/STM32CubeIDE_1.16.1/STM32CubeIDE/plugins/com.st.stm32cube.ide.mcu.externaltools.gnu-tools-for-stm32.12.3.rel1.win32_1.1.0.202410251130/tools/bin/../lib/gcc/arm-none-eabi/12.3.1/../../../../arm-none-eabi/lib/thumb/v7e-m+fp/hard\libc_nano.a(libc_a-stdio.o)
                              C:/ST/STM32CubeIDE_1.16.1/STM32CubeIDE/plugins/com.st.stm32cube.ide.mcu.externaltools.gnu-tools-for-stm32.12.3.rel1.win32_1.1.0.202410251130/tools/bin/../lib/gcc/arm-none-eabi/12.3.1/../../../../arm-none-eabi/lib/thumb/v7e-m+fp/hard\libc_nano.a(libc_a-findfp.o) (__sread)
C:/ST/STM32CubeIDE_1.16.1/STM32CubeIDE/plugins/com.st.stm32cube.ide.mcu.externaltools.gnu-tools-for-stm32.12.3.rel1.win32_1.1.0.202410251130/tools/bin/../lib/gcc/arm-none-eabi/12.3.1/../../../../arm-none-eabi/lib/thumb/v7e-m+fp/hard\libc_nano.a(libc_a-vsprintf.o)
                              ./Core/Src/myprint.o (vsprintf)
C:/ST/STM32CubeIDE_1.16.1/STM32CubeIDE/plugins/com.st.stm32cube.ide.mcu.externaltools.gnu-tools-for-stm32.12.3.rel1.win32_1.1.0.202410251130/tools/bin/../lib/gcc/arm-none-eabi/12.3.1/../../../../arm-none-eabi/lib/thumb/v7e-m+fp/hard\libc_nano.a(libc_a-memset.o)
                              C:/ST/STM32CubeIDE_1.16.1/STM32CubeIDE/plugins/com.st.stm32cube.ide.mcu.externaltools.gnu-tools-for-stm32.12.3.rel1.win32_1.1.0.202410251130/tools/bin/../lib/gcc/arm-none-eabi/12.3.1/../../../../arm-none-eabi/lib/thumb/v7e-m+fp/hard/crt0.o (memset)
[...]
Memory Configuration

Name             Origin             Length             Attributes
RAM              0x20000000         0x00020000         xrw
FLASH            0x08000000         0x00080000         xr
*default*        0x00000000         0xffffffff

Linker script and memory map

LOAD C:/ST/STM32CubeIDE_1.16.1/STM32CubeIDE/plugins/com.st.stm32cube.ide.mcu.externaltools.gnu-tools-for-stm32.12.3.rel1.win32_1.1.0.202410251130/tools/bin/../lib/gcc/arm-none-eabi/12.3.1/thumb/v7e-m+fp/hard/crti.o
LOAD C:/ST/STM32CubeIDE_1.16.1/STM32CubeIDE/plugins/com.st.stm32cube.ide.mcu.externaltools.gnu-tools-for-stm32.12.3.rel1.win32_1.1.0.202410251130/tools/bin/../lib/gcc/arm-none-eabi/12.3.1/thumb/v7e-m+fp/hard/crtbegin.o
LOAD C:/ST/STM32CubeIDE_1.16.1/STM32CubeIDE/plugins/com.st.stm32cube.ide.mcu.externaltools.gnu-tools-for-stm32.12.3.rel1.win32_1.1.0.202410251130/tools/bin/../lib/gcc/arm-none-eabi/12.3.1/../../../../arm-none-eabi/lib/thumb/v7e-m+fp/hard/crt0.o
LOAD ./Core/Src/FifoBuffer.o
LOAD ./Core/Src/main.o
LOAD ./Core/Src/myprint.o
LOAD ./Core/Src/sim808.o
LOAD ./Core/Src/simpruebe.o
LOAD ./Core/Src/stm32f4xx_hal_msp.o
LOAD ./Core/Src/stm32f4xx_it.o
LOAD ./Core/Src/syscalls.o
LOAD ./Core/Src/sysmem.o
LOAD ./Core/Src/system_stm32f4xx.o
LOAD ./Core/Startup/startup_stm32f411ceux.o
LOAD ./Drivers/STM32F4xx_HAL_Driver/Src/stm32f4xx_hal.o
LOAD ./Drivers/STM32F4xx_HAL_Driver/Src/stm32f4xx_hal_cortex.o
LOAD ./Drivers/STM32F4xx_HAL_Driver/Src/stm32f4xx_hal_dma.o
LOAD ./Drivers/STM32F4xx_HAL_Driver/Src/stm32f4xx_hal_dma_ex.o
LOAD ./Drivers/STM32F4xx_HAL_Driver/Src/stm32f4xx_hal_exti.o
LOAD ./Drivers/STM32F4xx_HAL_Driver/Src/stm32f4xx_hal_flash.o
LOAD ./Drivers/STM32F4xx_HAL_Driver/Src/stm32f4xx_hal_flash_ex.o
LOAD ./Drivers/STM32F4xx_HAL_Driver/Src/stm32f4xx_hal_flash_ramfunc.o
LOAD ./Drivers/STM32F4xx_HAL_Driver/Src/stm32f4xx_hal_gpio.o
LOAD ./Drivers/STM32F4xx_HAL_Driver/Src/stm32f4xx_hal_pwr.o
LOAD ./Drivers/STM32F4xx_HAL_Driver/Src/stm32f4xx_hal_pwr_ex.o
LOAD ./Drivers/STM32F4xx_HAL_Driver/Src/stm32f4xx_hal_rcc.o
LOAD ./Drivers/STM32F4xx_HAL_Driver/Src/stm32f4xx_hal_rcc_ex.o
LOAD ./Drivers/STM32F4xx_HAL_Driver/Src/stm32f4xx_hal_uart.o
START GROUP
LOAD C:/ST/STM32CubeIDE_1.16.1/STM32CubeIDE/plugins/com.st.stm32cube.ide.mcu.externaltools.gnu-tools-for-stm32.12.3.rel1.win32_1.1.0.202410251130/tools/bin/../lib/gcc/arm-none-eabi/12.3.1/../../../../arm-none-eabi/lib/thumb/v7e-m+fp/hard\libc_nano.a
LOAD C:/ST/STM32CubeIDE_1.16.1/STM32CubeIDE/plugins/com.st.stm32cube.ide.mcu.externaltools.gnu-tools-for-stm32.12.3.rel1.win32_1.1.0.202410251130/tools/bin/../lib/gcc/arm-none-eabi/12.3.1/../../../../arm-none-eabi/lib/thumb/v7e-m+fp/hard\libm.a
END GROUP
START GROUP
LOAD C:/ST/STM32CubeIDE_1.16.1/STM32CubeIDE/plugins/com.st.stm32cube.ide.mcu.externaltools.gnu-tools-for-stm32.12.3.rel1.win32_1.1.0.202410251130/tools/bin/../lib/gcc/arm-none-eabi/12.3.1/thumb/v7e-m+fp/hard\libgcc.a
LOAD C:/ST/STM32CubeIDE_1.16.1/STM32CubeIDE/plugins/com.st.stm32cube.ide.mcu.externaltools.gnu-tools-for-stm32.12.3.rel1.win32_1.1.0.202410251130/tools/bin/../lib/gcc/arm-none-eabi/12.3.1/../../../../arm-none-eabi/lib/thumb/v7e-m+fp/hard\libc_nano.a
END GROUP
START GROUP
LOAD C:/ST/STM32CubeIDE_1.16.1/STM32CubeIDE/plugins/com.st.stm32cube.ide.mcu.externaltools.gnu-tools-for-stm32.12.3.rel1.win32_1.1.0.202410251130/tools/bin/../lib/gcc/arm-none-eabi/12.3.1/thumb/v7e-m+fp/hard\libgcc.a
LOAD C:/ST/STM32CubeIDE_1.16.1/STM32CubeIDE/plugins/com.st.stm32cube.ide.mcu.externaltools.gnu-tools-for-stm32.12.3.rel1.win32_1.1.0.202410251130/tools/bin/../lib/gcc/arm-none-eabi/12.3.1/../../../../arm-none-eabi/lib/thumb/v7e-m+fp/hard\libc_nano.a
LOAD C:/ST/STM32CubeIDE_1.16.1/STM32CubeIDE/plugins/com.st.stm32cube.ide.mcu.externaltools.gnu-tools-for-stm32.12.3.rel1.win32_1.1.0.202410251130/tools/bin/../lib/gcc/arm-none-eabi/12.3.1/../../../../arm-none-eabi/lib/thumb/v7e-m+fp/hard\libnosys.a
END GROUP
START GROUP
LOAD C:/ST/STM32CubeIDE_1.16.1/STM32CubeIDE/plugins/com.st.stm32cube.ide.mcu.externaltools.gnu-tools-for-stm32.12.3.rel1.win32_1.1.0.202410251130/tools/bin/../lib/gcc/arm-none-eabi/12.3.1/thumb/v7e-m+fp/hard\libgcc.a
LOAD C:/ST/STM32CubeIDE_1.16.1/STM32CubeIDE/plugins/com.st.stm32cube.ide.mcu.externaltools.gnu-tools-for-stm32.12.3.rel1.win32_1.1.0.202410251130/tools/bin/../lib/gcc/arm-none-eabi/12.3.1/../../../../arm-none-eabi/lib/thumb/v7e-m+fp/hard\libc_nano.a
LOAD C:/ST/STM32CubeIDE_1.16.1/STM32CubeIDE/plugins/com.st.stm32cube.ide.mcu.externaltools.gnu-tools-for-stm32.12.3.rel1.win32_1.1.0.202410251130/tools/bin/../lib/gcc/arm-none-eabi/12.3.1/../../../../arm-none-eabi/lib/thumb/v7e-m+fp/hard\libnosys.a
END GROUP
LOAD C:/ST/STM32CubeIDE_1.16.1/STM32CubeIDE/plugins/com.st.stm32cube.ide.mcu.externaltools.gnu-tools-for-stm32.12.3.rel1.win32_1.1.0.202410251130/tools/bin/../lib/gcc/arm-none-eabi/12.3.1/thumb/v7e-m+fp/hard/crtend.o
LOAD C:/ST/STM32CubeIDE_1.16.1/STM32CubeIDE/plugins/com.st.stm32cube.ide.mcu.externaltools.gnu-tools-for-stm32.12.3.rel1.win32_1.1.0.202410251130/tools/bin/../lib/gcc/arm-none-eabi/12.3.1/thumb/v7e-m+fp/hard/crtn.o
                0x20020000                        _estack = (ORIGIN (RAM) + LENGTH (RAM))
                0x00000200                        _Min_Heap_Size = 0x200
                0x00000400                        _Min_Stack_Size = 0x400

.isr_vector     0x08000000      0x198
                0x08000000                        . = ALIGN (0x4)
 *(.isr_vector)
 .isr_vector    0x08000000      0x198 ./Core/Startup/startup_stm32f411ceux.o
                0x08000000                g_pfnVectors
                0x08000198                        . = ALIGN (0x4)

.text           0x080001a0     0x3a04
                0x080001a0                        . = ALIGN (0x4)
 *(.text)
 .text          0x080001a0       0x40 C:/ST/STM32CubeIDE_1.16.1/STM32CubeIDE/plugins/com.st.stm32cube.ide.mcu.externaltools.gnu-tools-for-stm32.12.3.rel1.win32_1.1.0.202410251130/tools/bin/../lib/gcc/arm-none-eabi/12.3.1/thumb/v7e-m+fp/hard/crtbegin.o
 .text          0x080001e0       0x10 C:/ST/STM32CubeIDE_1.16.1/STM32CubeIDE/plugins/com.st.stm32cube.ide.mcu.externaltools.gnu-tools-for-stm32.12.3.rel1.win32_1.1.0.202410251130/tools/bin/../lib/gcc/arm-none-eabi/12.3.1/../../../../arm-none-eabi/lib/thumb/v7e-m+fp/hard\libc_nano.a(libc_a-strlen.o)
                0x080001e0                strlen
 .text          0x080001f0       0xa0 C:/ST/STM32CubeIDE_1.16.1/STM32CubeIDE/plugins/com.st.stm32cube.ide.mcu.externaltools.gnu-tools-for-stm32.12.3.rel1.win32_1.1.0.202410251130/tools/bin/../lib/gcc/arm-none-eabi/12.3.1/../../../../arm-none-eabi/lib/thumb/v7e-m+fp/hard\libc_nano.a(libc_a-memchr.o)
                0x080001f0                memchr
 .text          0x08000290       0x30 C:/ST/STM32CubeIDE_1.16.1/STM32CubeIDE/plugins/com.st.stm32cube.ide.mcu.externaltools.gnu-tools-for-stm32.12.3.rel1.win32_1.1.0.202410251130/tools/bin/../lib/gcc/arm-none-eabi/12.3.1/thumb/v7e-m+fp/hard\libgcc.a(_aeabi_uldivmod.o)
                0x08000290                __aeabi_uldivmod
 .text          0x080002c0      0x2bc C:/ST/STM32CubeIDE_1.16.1/STM32CubeIDE/plugins/com.st.stm32cube.ide.mcu.externaltools.gnu-tools-for-stm32.12.3.rel1.win32_1.1.0.202410251130/tools/bin/../lib/gcc/arm-none-eabi/12.3.1/thumb/v7e-m+fp/hard\libgcc.a(_udivmoddi4.o)
                0x080002c0                __udivmoddi4
 .text          0x0800057c        0x4 C:/ST/STM32CubeIDE_1.16.1/STM32CubeIDE/plugins/com.st.stm32cube.ide.mcu.externaltools.gnu-tools-for-stm32.12.3.rel1.win32_1.1.0.202410251130/tools/bin/../lib/gcc/arm-none-eabi/12.3.1/thumb/v7e-m+fp/hard\libgcc.a(_dvmd_tls.o)
                0x0800057c                __aeabi_idiv0
                0x0800057c                __aeabi_ldiv0
 *(.text*)
 .text.InitBufferNoDynamic
                0x08000580       0x30 ./Core/Src/FifoBuffer.o
                0x08000580                InitBufferNoDynamic
 .text.ResetBuffer
                0x080005b0       0x3c ./Core/Src/FifoBuffer.o
                0x080005b0                ResetBuffer
 .text.WriteBuffer
                0x080005ec       0x50 ./Core/Src/FifoBuffer.o
                0x080005ec                WriteBuffer
 .text.ReadBuffer
                0x0800063c       0x42 ./Core/Src/FifoBuffer.o
                0x0800063c                ReadBuffer
 *fill*         0x0800067e        0x2 
 .text.ReturnCurrentPositionBuffer
                0x08000680       0xa4 ./Core/Src/FifoBuffer.o
                0x08000680                ReturnCurrentPositionBuffer
 .text.IncIterator
                0x08000724       0x36 ./Core/Src/FifoBuffer.o
                0x08000724                IncIterator
 .text.DecIterator
                0x0800075a       0x30 ./Core/Src/FifoBuffer.o
                0x0800075a                DecIterator
 .text.NumberOfElemnts
                0x0800078a       0x18 ./Core/Src/FifoBuffer.o
                0x0800078a                NumberOfElemnts
 .text.writeStringToBuffer
                0x080007a2       0x42 ./Core/Src/FifoBuffer.o
                0x080007a2                writeStringToBuffer
 .text.main     0x080007e4       0x1e ./Core/Src/main.o
                0x080007e4                main
 *fill*         0x08000802        0x2 
 .text.SystemClock_Config
                0x08000804       0xb8 ./Core/Src/main.o
                0x08000804                SystemClock_Config
 .text.MX_USART1_UART_Init
                0x080008bc       0x54 ./Core/Src/main.o
 .text.MX_USART2_UART_Init
                0x08000910       0x54 ./Core/Src/main.o
 .text.MX_GPIO_Init
                0x08000964       0xd0 ./Core/Src/main.o
 .text.MyApplication
                0x08000a34       0x2c ./Core/Src/main.o
                0x08000a34                MyApplication
 .text.Error_Handler
                0x08000a60        0xc ./Core/Src/main.o
                0x08000a60                Error_Handler
 .text.vprint   0x08000a6c       0x44 ./Core/Src/myprint.o
                0x08000a6c                vprint
 .text.my_printf
                0x08000ab0       0x28 ./Core/Src/myprint.o
                0x08000ab0                my_printf
 .text.AtCommands
                0x08000ad8       0x24 ./Core/Src/sim808.o
                0x08000ad8                AtCommands
 .text.SendCommand
                0x08000afc       0x34 ./Core/Src/sim808.o
                0x08000afc                SendCommand
 .text.DataBetweenCharacter
                0x08000b30       0xdc ./Core/Src/sim808.o
                0x08000b30                DataBetweenCharacter
 .text.PFindnPositionIndex
                0x08000c0c       0x6c ./Core/Src/sim808.o
                0x08000c0c                PFindnPositionIndex
 .text.GetDateTimeAndPhone
                0x08000c78      0x104 ./Core/Src/sim808.o
                0x08000c78                GetDateTimeAndPhone
 .text.pruebeprintFunction
                0x08000d7c       0x2c ./Core/Src/simpruebe.o
                0x08000d7c                pruebeprintFunction
 .text.numberofElements
                0x08000da8       0x20 ./Core/Src/simpruebe.o
                0x08000da8                numberofElements
 .text.ReadElement
                0x08000dc8       0x26 ./Core/Src/simpruebe.o
                0x08000dc8                ReadElement
 *fill*         0x08000dee        0x2 
 .text.simFunctionsPruebe
                0x08000df0       0x68 ./Core/Src/simpruebe.o
                0x08000df0                simFunctionsPruebe
 .text.sim808pruebe
                0x08000e58       0x84 ./Core/Src/simpruebe.o
                0x08000e58                sim808pruebe
 .text.HAL_MspInit
                0x08000edc       0x50 ./Core/Src/stm32f4xx_hal_msp.o
                0x08000edc                HAL_MspInit
 .text.HAL_UART_MspInit
                0x08000f2c      0x118 ./Core/Src/stm32f4xx_hal_msp.o
                0x08000f2c                HAL_UART_MspInit
 .text.NMI_Handler
                0x08001044        0x8 ./Core/Src/stm32f4xx_it.o
                0x08001044                NMI_Handler
 .text.HardFault_Handler
                0x0800104c        0x8 ./Core/Src/stm32f4xx_it.o
                0x0800104c                HardFault_Handler
 .text.MemManage_Handler
                0x08001054        0x8 ./Core/Src/stm32f4xx_it.o
                0x08001054                MemManage_Handler
 .text.BusFault_Handler
                0x0800105c        0x8 ./Core/Src/stm32f4xx_it.o
                0x0800105c                BusFault_Handler
 .text.UsageFault_Handler
                0x08001064        0x8 ./Core/Src/stm32f4xx_it.o
                0x08001064                UsageFault_Handler
 .text.SVC_Handler
                0x0800106c        0xe ./Core/Src/stm32f4xx_it.o
                0x0800106c                SVC_Handler
 .text.DebugMon_Handler
                0x0800107a        0xe ./Core/Src/stm32f4xx_it.o
                0x0800107a                DebugMon_Handler
 .text.PendSV_Handler
                0x08001088        0xe ./Core/Src/stm32f4xx_it.o
                0x08001088                PendSV_Handler
 .text.SysTick_Handler
                0x08001096        0xc ./Core/Src/stm32f4xx_it.o
                0x08001096                SysTick_Handler
 *fill*         0x080010a2        0x2 
 .text.USART1_IRQHandler
                0x080010a4       0x14 ./Core/Src/stm32f4xx_it.o
                0x080010a4                USART1_IRQHandler
 .text.USART2_IRQHandler
                0x080010b8       0x14 ./Core/Src/stm32f4xx_it.o
                0x080010b8                USART2_IRQHandler
 .text._sbrk    0x080010cc       0x6c ./Core/Src/sysmem.o
                0x080010cc                _sbrk
 .text.SystemInit
                0x08001138       0x24 ./Core/Src/system_stm32f4xx.o
                0x08001138                SystemInit
 .text.Reset_Handler
                0x0800115c       0x50 ./Core/Startup/startup_stm32f411ceux.o
                0x0800115c                Reset_Handler
 .text.Default_Handler
                0x080011ac        0x2 ./Core/Startup/startup_stm32f411ceux.o
                0x080011ac                RTC_Alarm_IRQHandler
                0x080011ac                EXTI2_IRQHandler
                0x080011ac                SPI4_IRQHandler
                0x080011ac                TIM1_CC_IRQHandler
                0x080011ac                DMA2_Stream5_IRQHandler
                0x080011ac                DMA1_Stream5_IRQHandler
                0x080011ac                PVD_IRQHandler
                0x080011ac                SDIO_IRQHandler
                0x080011ac                TAMP_STAMP_IRQHandler
                0x080011ac                EXTI3_IRQHandler
                0x080011ac                TIM1_UP_TIM10_IRQHandler
                0x080011ac                I2C3_ER_IRQHandler
                0x080011ac                EXTI0_IRQHandler
                0x080011ac                I2C2_EV_IRQHandler
                0x080011ac                DMA1_Stream2_IRQHandler
                0x080011ac                FPU_IRQHandler
                0x080011ac                DMA2_Stream2_IRQHandler
                0x080011ac                SPI1_IRQHandler
                0x080011ac                TIM1_BRK_TIM9_IRQHandler
                0x080011ac                DMA2_Stream3_IRQHandler
                0x080011ac                USART6_IRQHandler
                0x080011ac                DMA2_Stream0_IRQHandler
                0x080011ac                TIM4_IRQHandler
                0x080011ac                I2C1_EV_IRQHandler
                0x080011ac                DMA1_Stream6_IRQHandler
                0x080011ac                DMA1_Stream1_IRQHandler
                0x080011ac                TIM3_IRQHandler
                0x080011ac                RCC_IRQHandler
                0x080011ac                Default_Handler
                0x080011ac                EXTI15_10_IRQHandler
                0x080011ac                ADC_IRQHandler
                0x080011ac                DMA1_Stream7_IRQHandler
                0x080011ac                SPI5_IRQHandler
                0x080011ac                TIM5_IRQHandler
                0x080011ac                DMA2_Stream7_IRQHandler
                0x080011ac                I2C3_EV_IRQHandler
                0x080011ac                EXTI9_5_IRQHandler
                0x080011ac                RTC_WKUP_IRQHandler
                0x080011ac                SPI2_IRQHandler
                0x080011ac                DMA1_Stream0_IRQHandler
                0x080011ac                EXTI4_IRQHandler
                0x080011ac                WWDG_IRQHandler
                0x080011ac                TIM2_IRQHandler
                0x080011ac                OTG_FS_WKUP_IRQHandler
                0x080011ac                TIM1_TRG_COM_TIM11_IRQHandler
                0x080011ac                EXTI1_IRQHandler
                0x080011ac                I2C2_ER_IRQHandler
                0x080011ac                DMA2_Stream1_IRQHandler
                0x080011ac                FLASH_IRQHandler
                0x080011ac                DMA2_Stream4_IRQHandler
                0x080011ac                OTG_FS_IRQHandler
                0x080011ac                SPI3_IRQHandler
                0x080011ac                DMA1_Stream4_IRQHandler
                0x080011ac                I2C1_ER_IRQHandler
                0x080011ac                DMA2_Stream6_IRQHandler
                0x080011ac                DMA1_Stream3_IRQHandler
 *fill*         0x080011ae        0x2 
 .text.HAL_Init
                0x080011b0       0x44 ./Drivers/STM32F4xx_HAL_Driver/Src/stm32f4xx_hal.o
                0x080011b0                HAL_Init
 .text.HAL_InitTick
                0x080011f4       0x60 ./Drivers/STM32F4xx_HAL_Driver/Src/stm32f4xx_hal.o
                0x080011f4                HAL_InitTick
 .text.HAL_IncTick
                0x08001254       0x28 ./Drivers/STM32F4xx_HAL_Driver/Src/stm32f4xx_hal.o
                0x08001254                HAL_IncTick
 .text.HAL_GetTick
                0x0800127c       0x18 ./Drivers/STM32F4xx_HAL_Driver/Src/stm32f4xx_hal.o
                0x0800127c                HAL_GetTick
 .text.HAL_Delay
                0x08001294       0x48 ./Drivers/STM32F4xx_HAL_Driver/Src/stm32f4xx_hal.o
                0x08001294                HAL_Delay
 .text.__NVIC_SetPriorityGrouping
                0x080012dc       0x48 ./Drivers/STM32F4xx_HAL_Driver/Src/stm32f4xx_hal_cortex.o
 .text.__NVIC_GetPriorityGrouping
                0x08001324       0x1c ./Drivers/STM32F4xx_HAL_Driver/Src/stm32f4xx_hal_cortex.o
 .text.__NVIC_EnableIRQ
                0x08001340       0x3c ./Drivers/STM32F4xx_HAL_Driver/Src/stm32f4xx_hal_cortex.o
 .text.__NVIC_SetPriority
                0x0800137c       0x54 ./Drivers/STM32F4xx_HAL_Driver/Src/stm32f4xx_hal_cortex.o
 .text.NVIC_EncodePriority
                0x080013d0       0x66 ./Drivers/STM32F4xx_HAL_Driver/Src/stm32f4xx_hal_cortex.o
 *fill*         0x08001436        0x2 
 .text.SysTick_Config
                0x08001438       0x44 ./Drivers/STM32F4xx_HAL_Driver/Src/stm32f4xx_hal_cortex.o
 .text.HAL_NVIC_SetPriorityGrouping
                0x0800147c       0x16 ./Drivers/STM32F4xx_HAL_Driver/Src/stm32f4xx_hal_cortex.o
                0x0800147c                HAL_NVIC_SetPriorityGrouping
 .text.HAL_NVIC_SetPriority
                0x08001492       0x38 ./Drivers/STM32F4xx_HAL_Driver/Src/stm32f4xx_hal_cortex.o
                0x08001492                HAL_NVIC_SetPriority
 .text.HAL_NVIC_EnableIRQ
                0x080014ca       0x1c ./Drivers/STM32F4xx_HAL_Driver/Src/stm32f4xx_hal_cortex.o
                0x080014ca                HAL_NVIC_EnableIRQ
 .text.HAL_SYSTICK_Config
                0x080014e6       0x18 ./Drivers/STM32F4xx_HAL_Driver/Src/stm32f4xx_hal_cortex.o
                0x080014e6                HAL_SYSTICK_Config
 .text.HAL_DMA_Abort
                0x080014fe       0xe0 ./Drivers/STM32F4xx_HAL_Driver/Src/stm32f4xx_hal_dma.o
                0x080014fe                HAL_DMA_Abort
 .text.HAL_DMA_Abort_IT
                0x080015de       0x44 ./Drivers/STM32F4xx_HAL_Driver/Src/stm32f4xx_hal_dma.o
                0x080015de                HAL_DMA_Abort_IT
 *fill*         0x08001622        0x2 
 .text.HAL_GPIO_Init
                0x08001624      0x308 ./Drivers/STM32F4xx_HAL_Driver/Src/stm32f4xx_hal_gpio.o
                0x08001624                HAL_GPIO_Init
 .text.HAL_GPIO_WritePin
                0x0800192c       0x32 ./Drivers/STM32F4xx_HAL_Driver/Src/stm32f4xx_hal_gpio.o
                0x0800192c                HAL_GPIO_WritePin
 *fill*         0x0800195e        0x2 
 .text.HAL_RCC_OscConfig
                0x08001960      0x4f0 ./Drivers/STM32F4xx_HAL_Driver/Src/stm32f4xx_hal_rcc.o
                0x08001960                HAL_RCC_OscConfig
 .text.HAL_RCC_ClockConfig
                0x08001e50      0x1cc ./Drivers/STM32F4xx_HAL_Driver/Src/stm32f4xx_hal_rcc.o
                0x08001e50                HAL_RCC_ClockConfig
 .text.HAL_RCC_GetSysClockFreq
                0x0800201c      0x18c ./Drivers/STM32F4xx_HAL_Driver/Src/stm32f4xx_hal_rcc.o
                0x0800201c                HAL_RCC_GetSysClockFreq
 .text.HAL_RCC_GetHCLKFreq
                0x080021a8       0x18 ./Drivers/STM32F4xx_HAL_Driver/Src/stm32f4xx_hal_rcc.o
                0x080021a8                HAL_RCC_GetHCLKFreq
 .text.HAL_RCC_GetPCLK1Freq
                0x080021c0       0x28 ./Drivers/STM32F4xx_HAL_Driver/Src/stm32f4xx_hal_rcc.o
                0x080021c0                HAL_RCC_GetPCLK1Freq
 .text.HAL_RCC_GetPCLK2Freq
                0x080021e8       0x28 ./Drivers/STM32F4xx_HAL_Driver/Src/stm32f4xx_hal_rcc.o
                0x080021e8                HAL_RCC_GetPCLK2Freq
 .text.HAL_UART_Init
                0x08002210       0xa0 ./Drivers/STM32F4xx_HAL_Driver/Src/stm32f4xx_hal_uart.o
                0x08002210                HAL_UART_Init
 .text.HAL_UART_Transmit
                0x080022b0      0x116 ./Drivers/STM32F4xx_HAL_Driver/Src/stm32f4xx_hal_uart.o
                0x080022b0                HAL_UART_Transmit
 *fill*         0x080023c6        0x2 
 .text.HAL_UART_IRQHandler
                0x080023c8      0x524 ./Drivers/STM32F4xx_HAL_Driver/Src/stm32f4xx_hal_uart.o
                0x080023c8                HAL_UART_IRQHandler
 .text.HAL_UART_TxCpltCallback
                0x080028ec       0x14 ./Drivers/STM32F4xx_HAL_Driver/Src/stm32f4xx_hal_uart.o
                0x080028ec                HAL_UART_TxCpltCallback
 .text.HAL_UART_RxCpltCallback
                0x08002900       0x14 ./Drivers/STM32F4xx_HAL_Driver/Src/stm32f4xx_hal_uart.o
                0x08002900                HAL_UART_RxCpltCallback
 .text.HAL_UART_ErrorCallback
                0x08002914       0x14 ./Drivers/STM32F4xx_HAL_Driver/Src/stm32f4xx_hal_uart.o
                0x08002914                HAL_UART_ErrorCallback
 .text.HAL_UARTEx_RxEventCallback
                0x08002928       0x18 ./Drivers/STM32F4xx_HAL_Driver/Src/stm32f4xx_hal_uart.o
                0x08002928                HAL_UARTEx_RxEventCallback
 .text.UART_WaitOnFlagUntilTimeout
                0x08002940       0xb2 ./Drivers/STM32F4xx_HAL_Driver/Src/stm32f4xx_hal_uart.o
 .text.UART_EndRxTransfer
                0x080029f2       0xc6 ./Drivers/STM32F4xx_HAL_Driver/Src/stm32f4xx_hal_uart.o
 .text.UART_DMAAbortOnError
                0x08002ab8       0x28 ./Drivers/STM32F4xx_HAL_Driver/Src/stm32f4xx_hal_uart.o
 .text.UART_Transmit_IT
                0x08002ae0       0xa0 ./Drivers/STM32F4xx_HAL_Driver/Src/stm32f4xx_hal_uart.o
 .text.UART_EndTransmit_IT
                0x08002b80       0x30 ./Drivers/STM32F4xx_HAL_Driver/Src/stm32f4xx_hal_uart.o
 .text.UART_Receive_IT
                0x08002bb0      0x17c ./Drivers/STM32F4xx_HAL_Driver/Src/stm32f4xx_hal_uart.o
 .text.UART_SetConfig
                0x08002d2c      0x4e8 ./Drivers/STM32F4xx_HAL_Driver/Src/stm32f4xx_hal_uart.o
 .text.sbrk_aligned
                0x08003214       0x44 C:/ST/STM32CubeIDE_1.16.1/STM32CubeIDE/plugins/com.st.stm32cube.ide.mcu.externaltools.gnu-tools-for-stm32.12.3.rel1.win32_1.1.0.202410251130/tools/bin/../lib/gcc/arm-none-eabi/12.3.1/../../../../arm-none-eabi/lib/thumb/v7e-m+fp/hard\libc_nano.a(libc_a-mallocr.o)
 .text._malloc_r
                0x08003258      0x100 C:/ST/STM32CubeIDE_1.16.1/STM32CubeIDE/plugins/com.st.stm32cube.ide.mcu.externaltools.gnu-tools-for-stm32.12.3.rel1.win32_1.1.0.202410251130/tools/bin/../lib/gcc/arm-none-eabi/12.3.1/../../../../arm-none-eabi/lib/thumb/v7e-m+fp/hard\libc_nano.a(libc_a-mallocr.o)
                0x08003258                _malloc_r
 .text.__malloc_lock
                0x08003358        0xc C:/ST/STM32CubeIDE_1.16.1/STM32CubeIDE/plugins/com.st.stm32cube.ide.mcu.externaltools.gnu-tools-for-stm32.12.3.rel1.win32_1.1.0.202410251130/tools/bin/../lib/gcc/arm-none-eabi/12.3.1/../../../../arm-none-eabi/lib/thumb/v7e-m+fp/hard\libc_nano.a(libc_a-mlock.o)
                0x08003358                __malloc_lock
 .text.__malloc_unlock
                0x08003364        0xc C:/ST/STM32CubeIDE_1.16.1/STM32CubeIDE/plugins/com.st.stm32cube.ide.mcu.externaltools.gnu-tools-for-stm32.12.3.rel1.win32_1.1.0.202410251130/tools/bin/../lib/gcc/arm-none-eabi/12.3.1/../../../../arm-none-eabi/lib/thumb/v7e-m+fp/hard\libc_nano.a(libc_a-mlock.o)
                0x08003364                __malloc_unlock
 .text._vsprintf_r
                0x08003370       0x2c C:/ST/STM32CubeIDE_1.16.1/STM32CubeIDE/plugins/com.st.stm32cube.ide.mcu.externaltools.gnu-tools-for-stm32.12.3.rel1.win32_1.1.0.202410251130/tools/bin/../lib/gcc/arm-none-eabi/12.3.1/../../../../arm-none-eabi/lib/thumb/v7e-m+fp/hard\libc_nano.a(libc_a-vsprintf.o)
                0x08003370                _vsprintf_r
                0x08003370                _vsiprintf_r
 .text.vsprintf
                0x0800339c       0x14 C:/ST/STM32CubeIDE_1.16.1/STM32CubeIDE/plugins/com.st.stm32cube.ide.mcu.externaltools.gnu-tools-for-stm32.12.3.rel1.win32_1.1.0.202410251130/tools/bin/../lib/gcc/arm-none-eabi/12.3.1/../../../../arm-none-eabi/lib/thumb/v7e-m+fp/hard\libc_nano.a(libc_a-vsprintf.o)
                0x0800339c                vsiprintf
                0x0800339c                vsprintf
 .text.memset   0x080033b0       0x10 C:/ST/STM32CubeIDE_1.16.1/STM32CubeIDE/plugins/com.st.stm32cube.ide.mcu.externaltools.gnu-tools-for-stm32.12.3.rel1.win32_1.1.0.202410251130/tools/bin/../lib/gcc/arm-none-eabi/12.3.1/../../../../arm-none-eabi/lib/thumb/v7e-m+fp/hard\libc_nano.a(libc_a-memset.o)
                0x080033b0                memset
 .text.strncpy  0x080033c0       0x26 C:/ST/STM32CubeIDE_1.16.1/STM32CubeIDE/plugins/com.st.stm32cube.ide.mcu.externaltools.gnu-tools-for-stm32.12.3.rel1.win32_1.1.0.202410251130/tools/bin/../lib/gcc/arm-none-eabi/12.3.1/../../../../arm-none-eabi/lib/thumb/v7e-m+fp/hard\libc_nano.a(libc_a-strncpy.o)
                0x080033c0                strncpy
 *fill*         0x080033e6        0x2 
 .text._sbrk_r  0x080033e8       0x20 C:/ST/STM32CubeIDE_1.16.1/STM32CubeIDE/plugins/com.st.stm32cube.ide.mcu.externaltools.gnu-tools-for-stm32.12.3.rel1.win32_1.1.0.202410251130/tools/bin/../lib/gcc/arm-none-eabi/12.3.1/../../../../arm-none-eabi/lib/thumb/v7e-m+fp/hard\libc_nano.a(libc_a-sbrkr.o)
                0x080033e8                _sbrk_r
 .text.__errno  0x08003408        0xc C:/ST/STM32CubeIDE_1.16.1/STM32CubeIDE/plugins/com.st.stm32cube.ide.mcu.externaltools.gnu-tools-for-stm32.12.3.rel1.win32_1.1.0.202410251130/tools/bin/../lib/gcc/arm-none-eabi/12.3.1/../../../../arm-none-eabi/lib/thumb/v7e-m+fp/hard\libc_nano.a(libc_a-errno.o)
                0x08003408                __errno
 .text.__libc_init_array
                0x08003414       0x48 C:/ST/STM32CubeIDE_1.16.1/STM32CubeIDE/plugins/com.st.stm32cube.ide.mcu.externaltools.gnu-tools-for-stm32.12.3.rel1.win32_1.1.0.202410251130/tools/bin/../lib/gcc/arm-none-eabi/12.3.1/../../../../arm-none-eabi/lib/thumb/v7e-m+fp/hard\libc_nano.a(libc_a-init.o)
                0x08003414                __libc_init_array
 .text.__retarget_lock_acquire_recursive
                0x0800345c        0x2 C:/ST/STM32CubeIDE_1.16.1/STM32CubeIDE/plugins/com.st.stm32cube.ide.mcu.externaltools.gnu-tools-for-stm32.12.3.rel1.win32_1.1.0.202410251130/tools/bin/../lib/gcc/arm-none-eabi/12.3.1/../../../../arm-none-eabi/lib/thumb/v7e-m+fp/hard\libc_nano.a(libc_a-lock.o)
                0x0800345c                __retarget_lock_acquire_recursive
 .text.__retarget_lock_release_recursive
                0x0800345e        0x2 C:/ST/STM32CubeIDE_1.16.1/STM32CubeIDE/plugins/com.st.stm32cube.ide.mcu.externaltools.gnu-tools-for-stm32.12.3.rel1.win32_1.1.0.202410251130/tools/bin/../lib/gcc/arm-none-eabi/12.3.1/../../../../arm-none-eabi/lib/thumb/v7e-m+fp/hard\libc_nano.a(libc_a-lock.o)
                0x0800345e                __retarget_lock_release_recursive
 .text.strcpy   0x08003460       0x10 C:/ST/STM32CubeIDE_1.16.1/STM32CubeIDE/plugins/com.st.stm32cube.ide.mcu.externaltools.gnu-tools-for-stm32.12.3.rel1.win32_1.1.0.202410251130/tools/bin/../lib/gcc/arm-none-eabi/12.3.1/../../../../arm-none-eabi/lib/thumb/v7e-m+fp/hard\libc_nano.a(libc_a-strcpy.o)
                0x08003460                strcpy
 .text.memcpy   0x08003470       0x1c C:/ST/STM32CubeIDE_1.16.1/STM32CubeIDE/plugins/com.st.stm32cube.ide.mcu.externaltools.gnu-tools-for-stm32.12.3.rel1.win32_1.1.0.202410251130/tools/bin/../lib/gcc/arm-none-eabi/12.3.1/../../../../arm-none-eabi/lib/thumb/v7e-m+fp/hard\libc_nano.a(libc_a-memcpy-stub.o)
                0x08003470                memcpy
 .text._free_r  0x0800348c       0x94 C:/ST/STM32CubeIDE_1.16.1/STM32CubeIDE/plugins/com.st.stm32cube.ide.mcu.externaltools.gnu-tools-for-stm32.12.3.rel1.win32_1.1.0.202410251130/tools/bin/../lib/gcc/arm-none-eabi/12.3.1/../../../../arm-none-eabi/lib/thumb/v7e-m+fp/hard\libc_nano.a(libc_a-freer.o)
                0x0800348c                _free_r
 .text.__ssputs_r
                0x08003520       0xb6 C:/ST/STM32CubeIDE_1.16.1/STM32CubeIDE/plugins/com.st.stm32cube.ide.mcu.externaltools.gnu-tools-for-stm32.12.3.rel1.win32_1.1.0.202410251130/tools/bin/../lib/gcc/arm-none-eabi/12.3.1/../../../../arm-none-eabi/lib/thumb/v7e-m+fp/hard\libc_nano.a(libc_a-nano-svfprintf.o)
                0x08003520                __ssputs_r
 *fill*         0x080035d6        0x2 
 .text._svfprintf_r
                0x080035d8      0x1f8 C:/ST/STM32CubeIDE_1.16.1/STM32CubeIDE/plugins/com.st.stm32cube.ide.mcu.externaltools.gnu-tools-for-stm32.12.3.rel1.win32_1.1.0.202410251130/tools/bin/../lib/gcc/arm-none-eabi/12.3.1/../../../../arm-none-eabi/lib/thumb/v7e-m+fp/hard\libc_nano.a(libc_a-nano-svfprintf.o)
                0x080035d8                _svfiprintf_r
                0x080035d8                _svfprintf_r
 .text._printf_common
                0x080037d0       0xda C:/ST/STM32CubeIDE_1.16.1/STM32CubeIDE/plugins/com.st.stm32cube.ide.mcu.externaltools.gnu-tools-for-stm32.12.3.rel1.win32_1.1.0.202410251130/tools/bin/../lib/gcc/arm-none-eabi/12.3.1/../../../../arm-none-eabi/lib/thumb/v7e-m+fp/hard\libc_nano.a(libc_a-nano-vfprintf_i.o)
                0x080037d0                _printf_common
 *fill*         0x080038aa        0x2 
 .text._printf_i
                0x080038ac      0x240 C:/ST/STM32CubeIDE_1.16.1/STM32CubeIDE/plugins/com.st.stm32cube.ide.mcu.externaltools.gnu-tools-for-stm32.12.3.rel1.win32_1.1.0.202410251130/tools/bin/../lib/gcc/arm-none-eabi/12.3.1/../../../../arm-none-eabi/lib/thumb/v7e-m+fp/hard\libc_nano.a(libc_a-nano-vfprintf_i.o)
                0x080038ac                _printf_i
 .text.memmove  0x08003aec       0x34 C:/ST/STM32CubeIDE_1.16.1/STM32CubeIDE/plugins/com.st.stm32cube.ide.mcu.externaltools.gnu-tools-for-stm32.12.3.rel1.win32_1.1.0.202410251130/tools/bin/../lib/gcc/arm-none-eabi/12.3.1/../../../../arm-none-eabi/lib/thumb/v7e-m+fp/hard\libc_nano.a(libc_a-memmove.o)
                0x08003aec                memmove
 .text._realloc_r
                0x08003b20       0x5c C:/ST/STM32CubeIDE_1.16.1/STM32CubeIDE/plugins/com.st.stm32cube.ide.mcu.externaltools.gnu-tools-for-stm32.12.3.rel1.win32_1.1.0.202410251130/tools/bin/../lib/gcc/arm-none-eabi/12.3.1/../../../../arm-none-eabi/lib/thumb/v7e-m+fp/hard\libc_nano.a(libc_a-reallocr.o)
                0x08003b20                _realloc_r
 .text._malloc_usable_size_r
                0x08003b7c       0x10 C:/ST/STM32CubeIDE_1.16.1/STM32CubeIDE/plugins/com.st.stm32cube.ide.mcu.externaltools.gnu-tools-for-stm32.12.3.rel1.win32_1.1.0.202410251130/tools/bin/../lib/gcc/arm-none-eabi/12.3.1/../../../../arm-none-eabi/lib/thumb/v7e-m+fp/hard\libc_nano.a(libc_a-msizer.o)
                0x08003b7c                _malloc_usable_size_r
 *(.glue_7)
 .glue_7        0x08003b8c        0x0 linker stubs
 *(.glue_7t)
 .glue_7t       0x08003b8c        0x0 linker stubs
 *(.eh_frame)
 .eh_frame      0x08003b8c        0x0 C:/ST/STM32CubeIDE_1.16.1/STM32CubeIDE/plugins/com.st.stm32cube.ide.mcu.externaltools.gnu-tools-for-stm32.12.3.rel1.win32_1.1.0.202410251130/tools/bin/../lib/gcc/arm-none-eabi/12.3.1/thumb/v7e-m+fp/hard/crtbegin.o
 *(.init)
 .init          0x08003b8c        0x4 C:/ST/STM32CubeIDE_1.16.1/STM32CubeIDE/plugins/com.st.stm32cube.ide.mcu.externaltools.gnu-tools-for-stm32.12.3.rel1.win32_1.1.0.202410251130/tools/bin/../lib/gcc/arm-none-eabi/12.3.1/thumb/v7e-m+fp/hard/crti.o
                0x08003b8c                _init
 .init          0x08003b90        0x8 C:/ST/STM32CubeIDE_1.16.1/STM32CubeIDE/plugins/com.st.stm32cube.ide.mcu.externaltools.gnu-tools-for-stm32.12.3.rel1.win32_1.1.0.202410251130/tools/bin/../lib/gcc/arm-none-eabi/12.3.1/thumb/v7e-m+fp/hard/crtn.o
 *(.fini)
 .fini          0x08003b98        0x4 C:/ST/STM32CubeIDE_1.16.1/STM32CubeIDE/plugins/com.st.stm32cube.ide.mcu.externaltools.gnu-tools-for-stm32.12.3.rel1.win32_1.1.0.202410251130/tools/bin/../lib/gcc/arm-none-eabi/12.3.1/thumb/v7e-m+fp/hard/crti.o
                0x08003b98                _fini
 .fini          0x08003b9c        0x8 C:/ST/STM32CubeIDE_1.16.1/STM32CubeIDE/plugins/com.st.stm32cube.ide.mcu.externaltools.gnu-tools-for-stm32.12.3.rel1.win32_1.1.0.202410251130/tools/bin/../lib/gcc/arm-none-eabi/12.3.1/thumb/v7e-m+fp/hard/crtn.o
                0x08003ba4                        . = ALIGN (0x4)
                0x08003ba4                        _etext = .

.vfp11_veneer   0x08003ba4        0x0
 .vfp11_veneer  0x08003ba4        0x0 linker stubs

.v4_bx          0x08003ba4        0x0
 .v4_bx         0x08003ba4        0x0 linker stubs

.iplt           0x08003ba4        0x0
 .iplt          0x08003ba4        0x0 C:/ST/STM32CubeIDE_1.16.1/STM32CubeIDE/plugins/com.st.stm32cube.ide.mcu.externaltools.gnu-tools-for-stm32.12.3.rel1.win32_1.1.0.202410251130/tools/bin/../lib/gcc/arm-none-eabi/12.3.1/thumb/v7e-m+fp/hard/crtbegin.o

.rodata         0x08003ba4      0x27c
                0x08003ba4                        . = ALIGN (0x4)
 *(.rodata)
 .rodata        0x08003ba4       0x14 ./Core/Src/main.o
 .rodata        0x08003bb8      0x15f ./Core/Src/sim808.o
 *fill*         0x08003d17        0x1 
 .rodata        0x08003d18       0xbc ./Core/Src/simpruebe.o
 *(.rodata*)
 .rodata.AHBPrescTable
                0x08003dd4       0x10 ./Core/Src/system_stm32f4xx.o
                0x08003dd4                AHBPrescTable
 .rodata.APBPrescTable
                0x08003de4        0x8 ./Core/Src/system_stm32f4xx.o
                0x08003de4                APBPrescTable
 .rodata._svfprintf_r.str1.1
                0x08003dec       0x11 C:/ST/STM32CubeIDE_1.16.1/STM32CubeIDE/plugins/com.st.stm32cube.ide.mcu.externaltools.gnu-tools-for-stm32.12.3.rel1.win32_1.1.0.202410251130/tools/bin/../lib/gcc/arm-none-eabi/12.3.1/../../../../arm-none-eabi/lib/thumb/v7e-m+fp/hard\libc_nano.a(libc_a-nano-svfprintf.o)
 .rodata._printf_i.str1.1
                0x08003dfd       0x22 C:/ST/STM32CubeIDE_1.16.1/STM32CubeIDE/plugins/com.st.stm32cube.ide.mcu.externaltools.gnu-tools-for-stm32.12.3.rel1.win32_1.1.0.202410251130/tools/bin/../lib/gcc/arm-none-eabi/12.3.1/../../../../arm-none-eabi/lib/thumb/v7e-m+fp/hard\libc_nano.a(libc_a-nano-vfprintf_i.o)
                0x08003e20                        . = ALIGN (0x4)
 *fill*         0x08003e1f        0x1 

.ARM.extab      0x08003e20        0x0
                0x08003e20                        . = ALIGN (0x4)
 *(.ARM.extab* .gnu.linkonce.armextab.*)
                0x08003e20                        . = ALIGN (0x4)

.ARM            0x08003e20        0x8
                0x08003e20                        . = ALIGN (0x4)
                0x08003e20                        __exidx_start = .
 *(.ARM.exidx*)
 .ARM.exidx     0x08003e20        0x8 C:/ST/STM32CubeIDE_1.16.1/STM32CubeIDE/plugins/com.st.stm32cube.ide.mcu.externaltools.gnu-tools-for-stm32.12.3.rel1.win32_1.1.0.202410251130/tools/bin/../lib/gcc/arm-none-eabi/12.3.1/../../../../arm-none-eabi/lib/thumb/v7e-m+fp/hard\libc_nano.a(libc_a-strlen.o)
 .ARM.exidx     0x08003e28        0x0 C:/ST/STM32CubeIDE_1.16.1/STM32CubeIDE/plugins/com.st.stm32cube.ide.mcu.externaltools.gnu-tools-for-stm32.12.3.rel1.win32_1.1.0.202410251130/tools/bin/../lib/gcc/arm-none-eabi/12.3.1/../../../../arm-none-eabi/lib/thumb/v7e-m+fp/hard\libc_nano.a(libc_a-memchr.o)
                                  0x8 (size before relaxing)
 .ARM.exidx     0x08003e28        0x0 C:/ST/STM32CubeIDE_1.16.1/STM32CubeIDE/plugins/com.st.stm32cube.ide.mcu.externaltools.gnu-tools-for-stm32.12.3.rel1.win32_1.1.0.202410251130/tools/bin/../lib/gcc/arm-none-eabi/12.3.1/thumb/v7e-m+fp/hard\libgcc.a(_udivmoddi4.o)
                                  0x8 (size before relaxing)
                0x08003e28                        __exidx_end = .
                0x08003e28                        . = ALIGN (0x4)

.preinit_array  0x08003e28        0x0
                0x08003e28                        . = ALIGN (0x4)
                0x08003e28                        PROVIDE (__preinit_array_start = .)
 *(.preinit_array*)
                0x08003e28                        PROVIDE (__preinit_array_end = .)
                0x08003e28                        . = ALIGN (0x4)

.init_array     0x08003e28        0x4
                0x08003e28                        . = ALIGN (0x4)
                0x08003e28                        PROVIDE (__init_array_start = .)
 *(SORT_BY_NAME(.init_array.*))
 *(.init_array*)
 .init_array    0x08003e28        0x4 C:/ST/STM32CubeIDE_1.16.1/STM32CubeIDE/plugins/com.st.stm32cube.ide.mcu.externaltools.gnu-tools-for-stm32.12.3.rel1.win32_1.1.0.202410251130/tools/bin/../lib/gcc/arm-none-eabi/12.3.1/thumb/v7e-m+fp/hard/crtbegin.o
                0x08003e2c                        PROVIDE (__init_array_end = .)
                0x08003e2c                        . = ALIGN (0x4)

.fini_array     0x08003e2c        0x4
                0x08003e2c                        . = ALIGN (0x4)
                [!provide]                        PROVIDE (__fini_array_start = .)
 *(SORT_BY_NAME(.fini_array.*))
 *(.fini_array*)
 .fini_array    0x08003e2c        0x4 C:/ST/STM32CubeIDE_1.16.1/STM32CubeIDE/plugins/com.st.stm32cube.ide.mcu.externaltools.gnu-tools-for-stm32.12.3.rel1.win32_1.1.0.202410251130/tools/bin/../lib/gcc/arm-none-eabi/12.3.1/thumb/v7e-m+fp/hard/crtbegin.o
                [!provide]                        PROVIDE (__fini_array_end = .)
                0x08003e30                        . = ALIGN (0x4)
                0x08003e30                        _sidata = LOADADDR (.data)

.rel.dyn        0x08003e30        0x0
 .rel.iplt      0x08003e30        0x0 C:/ST/STM32CubeIDE_1.16.1/STM32CubeIDE/plugins/com.st.stm32cube.ide.mcu.externaltools.gnu-tools-for-stm32.12.3.rel1.win32_1.1.0.202410251130/tools/bin/../lib/gcc/arm-none-eabi/12.3.1/thumb/v7e-m+fp/hard/crtbegin.o

.data           0x20000000       0x90 load address 0x08003e30
                0x20000000                        . = ALIGN (0x4)
                0x20000000                        _sdata = .
 *(.data)
 *(.data*)
 .data.AtComandos
                0x20000000       0x34 ./Core/Src/sim808.o
 .data.SystemCoreClock
                0x20000034        0x4 ./Core/Src/system_stm32f4xx.o
                0x20000034                SystemCoreClock
 .data.uwTickPrio
                0x20000038        0x4 ./Drivers/STM32F4xx_HAL_Driver/Src/stm32f4xx_hal.o
                0x20000038                uwTickPrio
 .data.uwTickFreq
                0x2000003c        0x1 ./Drivers/STM32F4xx_HAL_Driver/Src/stm32f4xx_hal.o
                0x2000003c                uwTickFreq
 *fill*         0x2000003d        0x3 
 .data._impure_ptr
                0x20000040        0x4 C:/ST/STM32CubeIDE_1.16.1/STM32CubeIDE/plugins/com.st.stm32cube.ide.mcu.externaltools.gnu-tools-for-stm32.12.3.rel1.win32_1.1.0.202410251130/tools/bin/../lib/gcc/arm-none-eabi/12.3.1/../../../../arm-none-eabi/lib/thumb/v7e-m+fp/hard\libc_nano.a(libc_a-impure.o)
                0x20000040                _impure_ptr
 .data._impure_data
                0x20000044       0x4c C:/ST/STM32CubeIDE_1.16.1/STM32CubeIDE/plugins/com.st.stm32cube.ide.mcu.externaltools.gnu-tools-for-stm32.12.3.rel1.win32_1.1.0.202410251130/tools/bin/../lib/gcc/arm-none-eabi/12.3.1/../../../../arm-none-eabi/lib/thumb/v7e-m+fp/hard\libc_nano.a(libc_a-impure.o)
                0x20000044                _impure_data
 *(.RamFunc)
 *(.RamFunc*)
                0x20000090                        . = ALIGN (0x4)
                0x20000090                        _edata = .

.igot.plt       0x20000090        0x0 load address 0x08003ec0
 .igot.plt      0x20000090        0x0 C:/ST/STM32CubeIDE_1.16.1/STM32CubeIDE/plugins/com.st.stm32cube.ide.mcu.externaltools.gnu-tools-for-stm32.12.3.rel1.win32_1.1.0.202410251130/tools/bin/../lib/gcc/arm-none-eabi/12.3.1/thumb/v7e-m+fp/hard/crtbegin.o
                0x20000090                        . = ALIGN (0x4)

.bss            0x20000090      0x1fc load address 0x08003ec0
                0x20000090                        _sbss = .
                0x20000090                        __bss_start__ = _sbss
 *(.bss)
 .bss           0x20000090       0x1c C:/ST/STM32CubeIDE_1.16.1/STM32CubeIDE/plugins/com.st.stm32cube.ide.mcu.externaltools.gnu-tools-for-stm32.12.3.rel1.win32_1.1.0.202410251130/tools/bin/../lib/gcc/arm-none-eabi/12.3.1/thumb/v7e-m+fp/hard/crtbegin.o
 *(.bss*)
 .bss.huart1    0x200000ac       0x48 ./Core/Src/main.o
                0x200000ac                huart1
 .bss.huart2    0x200000f4       0x48 ./Core/Src/main.o
                0x200000f4                huart2
 .bss.__sbrk_heap_end
                0x2000013c        0x4 ./Core/Src/sysmem.o
 .bss.uwTick    0x20000140        0x4 ./Drivers/STM32F4xx_HAL_Driver/Src/stm32f4xx_hal.o
                0x20000140                uwTick
 .bss.__malloc_sbrk_start
                0x20000144        0x4 C:/ST/STM32CubeIDE_1.16.1/STM32CubeIDE/plugins/com.st.stm32cube.ide.mcu.externaltools.gnu-tools-for-stm32.12.3.rel1.win32_1.1.0.202410251130/tools/bin/../lib/gcc/arm-none-eabi/12.3.1/../../../../arm-none-eabi/lib/thumb/v7e-m+fp/hard\libc_nano.a(libc_a-mallocr.o)
                0x20000144                __malloc_sbrk_start
 .bss.__malloc_free_list
                0x20000148        0x4 C:/ST/STM32CubeIDE_1.16.1/STM32CubeIDE/plugins/com.st.stm32cube.ide.mcu.externaltools.gnu-tools-for-stm32.12.3.rel1.win32_1.1.0.202410251130/tools/bin/../lib/gcc/arm-none-eabi/12.3.1/../../../../arm-none-eabi/lib/thumb/v7e-m+fp/hard\libc_nano.a(libc_a-mallocr.o)
                0x20000148                __malloc_free_list
 .bss.__sf      0x2000014c      0x138 C:/ST/STM32CubeIDE_1.16.1/STM32CubeIDE/plugins/com.st.stm32cube.ide.mcu.externaltools.gnu-tools-for-stm32.12.3.rel1.win32_1.1.0.202410251130/tools/bin/../lib/gcc/arm-none-eabi/12.3.1/../../../../arm-none-eabi/lib/thumb/v7e-m+fp/hard\libc_nano.a(libc_a-findfp.o)
                0x2000014c                __sf
 .bss.errno     0x20000284        0x4 C:/ST/STM32CubeIDE_1.16.1/STM32CubeIDE/plugins/com.st.stm32cube.ide.mcu.externaltools.gnu-tools-for-stm32.12.3.rel1.win32_1.1.0.202410251130/tools/bin/../lib/gcc/arm-none-eabi/12.3.1/../../../../arm-none-eabi/lib/thumb/v7e-m+fp/hard\libc_nano.a(libc_a-reent.o)
                0x20000284                errno
 .bss.__lock___malloc_recursive_mutex
                0x20000288        0x1 C:/ST/STM32CubeIDE_1.16.1/STM32CubeIDE/plugins/com.st.stm32cube.ide.mcu.externaltools.gnu-tools-for-stm32.12.3.rel1.win32_1.1.0.202410251130/tools/bin/../lib/gcc/arm-none-eabi/12.3.1/../../../../arm-none-eabi/lib/thumb/v7e-m+fp/hard\libc_nano.a(libc_a-lock.o)
                0x20000288                __lock___malloc_recursive_mutex
 *(COMMON)
                0x2000028c                        . = ALIGN (0x4)
 *fill*         0x20000289        0x3 
                0x2000028c                        _ebss = .
                0x2000028c                        __bss_end__ = _ebss

._user_heap_stack
                0x2000028c      0x604 load address 0x08003ec0
                0x20000290                        . = ALIGN (0x8)
 *fill*         0x2000028c        0x4 
                [!provide]                        PROVIDE (end = .)
                0x20000290                        PROVIDE (_end = .)
                0x20000490                        . = (. + _Min_Heap_Size)
 *fill*         0x20000290      0x200 
                0x20000890                        . = (. + _Min_Stack_Size)
 *fill*         0x20000490      0x400 
                0x20000890                        . = ALIGN (0x8)

/DISCARD/
 libc.a(*)
 libm.a(*)
 libgcc.a(*)

.ARM.attributes
                0x00000000       0x30
 *(.ARM.attributes)
 .ARM.attributes
                0x00000000       0x22 C:/ST/STM32CubeIDE_1.16.1/STM32CubeIDE/plugins/com.st.stm32cube.ide.mcu.externaltools.gnu-tools-for-stm32.12.3.rel1.win32_1.1.0.202410251130/tools/bin/../lib/gcc/arm-none-eabi/12.3.1/thumb/v7e-m+fp/hard/crti.o
 .ARM.attributes
                0x00000022       0x34 C:/ST/STM32CubeIDE_1.16.1/STM32CubeIDE/plugins/com.st.stm32cube.ide.mcu.externaltools.gnu-tools-for-stm32.12.3.rel1.win32_1.1.0.202410251130/tools/bin/../lib/gcc/arm-none-eabi/12.3.1/thumb/v7e-m+fp/hard/crtbegin.o
 .ARM.attributes
                0x00000056       0x34 ./Core/Src/FifoBuffer.o
 .ARM.attributes
                0x0000008a       0x34 ./Core/Src/main.o
 .ARM.attributes
                0x000000be       0x34 ./Core/Src/myprint.o
 .ARM.attributes
                0x000000f2       0x34 ./Core/Src/sim808.o
 .ARM.attributes
                0x00000126       0x34 ./Core/Src/simpruebe.o
 .ARM.attributes
                0x0000015a       0x34 ./Core/Src/stm32f4xx_hal_msp.o
 .ARM.attributes
                0x0000018e       0x34 ./Core/Src/stm32f4xx_it.o
 .ARM.attributes
                0x000001c2       0x34 ./Core/Src/sysmem.o
 .ARM.attributes
                0x000001f6       0x34 ./Core/Src/system_stm32f4xx.o
 .ARM.attributes
                0x0000022a       0x21 ./Core/Startup/startup_stm32f411ceux.o
 .ARM.attributes
                0x0000024b       0x34 ./Drivers/STM32F4xx_HAL_Driver/Src/stm32f4xx_hal.o
 .ARM.attributes
                0x0000027f       0x34 ./Drivers/STM32F4xx_HAL_Driver/Src/stm32f4xx_hal_cortex.o
 .ARM.attributes
                0x000002b3       0x34 ./Drivers/STM32F4xx_HAL_Driver/Src/stm32f4xx_hal_dma.o
 .ARM.attributes
                0x000002e7       0x34 ./Drivers/STM32F4xx_HAL_Driver/Src/stm32f4xx_hal_gpio.o
 .ARM.attributes
                0x0000031b       0x34 ./Drivers/STM32F4xx_HAL_Driver/Src/stm32f4xx_hal_rcc.o
 .ARM.attributes
                0x0000034f       0x34 ./Drivers/STM32F4xx_HAL_Driver/Src/stm32f4xx_hal_uart.o
 .ARM.attributes
                0x00000383       0x34 C:/ST/STM32CubeIDE_1.16.1/STM32CubeIDE/plugins/com.st.stm32cube.ide.mcu.externaltools.gnu-tools-for-stm32.12.3.rel1.win32_1.1.0.202410251130/tools/bin/../lib/gcc/arm-none-eabi/12.3.1/../../../../arm-none-eabi/lib/thumb/v7e-m+fp/hard\libc_nano.a(libc_a-mallocr.o)
 .ARM.attributes
                0x000003b7       0x34 C:/ST/STM32CubeIDE_1.16.1/STM32CubeIDE/plugins/com.st.stm32cube.ide.mcu.externaltools.gnu-tools-for-stm32.12.3.rel1.win32_1.1.0.202410251130/tools/bin/../lib/gcc/arm-none-eabi/12.3.1/../../../../arm-none-eabi/lib/thumb/v7e-m+fp/hard\libc_nano.a(libc_a-mlock.o)
 .ARM.attributes
                0x000003eb       0x34 C:/ST/STM32CubeIDE_1.16.1/STM32CubeIDE/plugins/com.st.stm32cube.ide.mcu.externaltools.gnu-tools-for-stm32.12.3.rel1.win32_1.1.0.202410251130/tools/bin/../lib/gcc/arm-none-eabi/12.3.1/../../../../arm-none-eabi/lib/thumb/v7e-m+fp/hard\libc_nano.a(libc_a-findfp.o)
 .ARM.attributes
                0x0000041f       0x34 C:/ST/STM32CubeIDE_1.16.1/STM32CubeIDE/plugins/com.st.stm32cube.ide.mcu.externaltools.gnu-tools-for-stm32.12.3.rel1.win32_1.1.0.202410251130/tools/bin/../lib/gcc/arm-none-eabi/12.3.1/../../../../arm-none-eabi/lib/thumb/v7e-m+fp/hard\libc_nano.a(libc_a-vsprintf.o)
 .ARM.attributes
                0x00000453       0x34 C:/ST/STM32CubeIDE_1.16.1/STM32CubeIDE/plugins/com.st.stm32cube.ide.mcu.externaltools.gnu-tools-for-stm32.12.3.rel1.win32_1.1.0.202410251130/tools/bin/../lib/gcc/arm-none-eabi/12.3.1/../../../../arm-none-eabi/lib/thumb/v7e-m+fp/hard\libc_nano.a(libc_a-memset.o)
 .ARM.attributes
                0x00000487       0x34 C:/ST/STM32CubeIDE_1.16.1/STM32CubeIDE/plugins/com.st.stm32cube.ide.mcu.externaltools.gnu-tools-for-stm32.12.3.rel1.win32_1.1.0.202410251130/tools/bin/../lib/gcc/arm-none-eabi/12.3.1/../../../../arm-none-eabi/lib/thumb/v7e-m+fp/hard\libc_nano.a(libc_a-strncpy.o)
 .ARM.attributes
                0x000004bb       0x34 C:/ST/STM32CubeIDE_1.16.1/STM32CubeIDE/plugins/com.st.stm32cube.ide.mcu.externaltools.gnu-tools-for-stm32.12.3.rel1.win32_1.1.0.202410251130/tools/bin/../lib/gcc/arm-none-eabi/12.3.1/../../../../arm-none-eabi/lib/thumb/v7e-m+fp/hard\libc_nano.a(libc_a-reent.o)
 .ARM.attributes
                0x000004ef       0x34 C:/ST/STM32CubeIDE_1.16.1/STM32CubeIDE/plugins/com.st.stm32cube.ide.mcu.externaltools.gnu-tools-for-stm32.12.3.rel1.win32_1.1.0.202410251130/tools/bin/../lib/gcc/arm-none-eabi/12.3.1/../../../../arm-none-eabi/lib/thumb/v7e-m+fp/hard\libc_nano.a(libc_a-impure.o)
 .ARM.attributes
                0x00000523       0x34 C:/ST/STM32CubeIDE_1.16.1/STM32CubeIDE/plugins/com.st.stm32cube.ide.mcu.externaltools.gnu-tools-for-stm32.12.3.rel1.win32_1.1.0.202410251130/tools/bin/../lib/gcc/arm-none-eabi/12.3.1/../../../../arm-none-eabi/lib/thumb/v7e-m+fp/hard\libc_nano.a(libc_a-sbrkr.o)
 .ARM.attributes
                0x00000557       0x34 C:/ST/STM32CubeIDE_1.16.1/STM32CubeIDE/plugins/com.st.stm32cube.ide.mcu.externaltools.gnu-tools-for-stm32.12.3.rel1.win32_1.1.0.202410251130/tools/bin/../lib/gcc/arm-none-eabi/12.3.1/../../../../arm-none-eabi/lib/thumb/v7e-m+fp/hard\libc_nano.a(libc_a-errno.o)
 .ARM.attributes
                0x0000058b       0x34 C:/ST/STM32CubeIDE_1.16.1/STM32CubeIDE/plugins/com.st.stm32cube.ide.mcu.externaltools.gnu-tools-for-stm32.12.3.rel1.win32_1.1.0.202410251130/tools/bin/../lib/gcc/arm-none-eabi/12.3.1/../../../../arm-none-eabi/lib/thumb/v7e-m+fp/hard\libc_nano.a(libc_a-init.o)
 .ARM.attributes
                0x000005bf       0x34 C:/ST/STM32CubeIDE_1.16.1/STM32CubeIDE/plugins/com.st.stm32cube.ide.mcu.externaltools.gnu-tools-for-stm32.12.3.rel1.win32_1.1.0.202410251130/tools/bin/../lib/gcc/arm-none-eabi/12.3.1/../../../../arm-none-eabi/lib/thumb/v7e-m+fp/hard\libc_nano.a(libc_a-lock.o)
 .ARM.attributes
                0x000005f3       0x34 C:/ST/STM32CubeIDE_1.16.1/STM32CubeIDE/plugins/com.st.stm32cube.ide.mcu.externaltools.gnu-tools-for-stm32.12.3.rel1.win32_1.1.0.202410251130/tools/bin/../lib/gcc/arm-none-eabi/12.3.1/../../../../arm-none-eabi/lib/thumb/v7e-m+fp/hard\libc_nano.a(libc_a-strcpy.o)
 .ARM.attributes
                0x00000627       0x34 C:/ST/STM32CubeIDE_1.16.1/STM32CubeIDE/plugins/com.st.stm32cube.ide.mcu.externaltools.gnu-tools-for-stm32.12.3.rel1.win32_1.1.0.202410251130/tools/bin/../lib/gcc/arm-none-eabi/12.3.1/../../../../arm-none-eabi/lib/thumb/v7e-m+fp/hard\libc_nano.a(libc_a-memcpy-stub.o)
 .ARM.attributes
                0x0000065b       0x17 C:/ST/STM32CubeIDE_1.16.1/STM32CubeIDE/plugins/com.st.stm32cube.ide.mcu.externaltools.gnu-tools-for-stm32.12.3.rel1.win32_1.1.0.202410251130/tools/bin/../lib/gcc/arm-none-eabi/12.3.1/../../../../arm-none-eabi/lib/thumb/v7e-m+fp/hard\libc_nano.a(libc_a-strlen.o)
 .ARM.attributes
                0x00000672       0x34 C:/ST/STM32CubeIDE_1.16.1/STM32CubeIDE/plugins/com.st.stm32cube.ide.mcu.externaltools.gnu-tools-for-stm32.12.3.rel1.win32_1.1.0.202410251130/tools/bin/../lib/gcc/arm-none-eabi/12.3.1/../../../../arm-none-eabi/lib/thumb/v7e-m+fp/hard\libc_nano.a(libc_a-freer.o)
 .ARM.attributes
                0x000006a6       0x34 C:/ST/STM32CubeIDE_1.16.1/STM32CubeIDE/plugins/com.st.stm32cube.ide.mcu.externaltools.gnu-tools-for-stm32.12.3.rel1.win32_1.1.0.202410251130/tools/bin/../lib/gcc/arm-none-eabi/12.3.1/../../../../arm-none-eabi/lib/thumb/v7e-m+fp/hard\libc_nano.a(libc_a-nano-svfprintf.o)
 .ARM.attributes
                0x000006da       0x34 C:/ST/STM32CubeIDE_1.16.1/STM32CubeIDE/plugins/com.st.stm32cube.ide.mcu.externaltools.gnu-tools-for-stm32.12.3.rel1.win32_1.1.0.202410251130/tools/bin/../lib/gcc/arm-none-eabi/12.3.1/../../../../arm-none-eabi/lib/thumb/v7e-m+fp/hard\libc_nano.a(libc_a-nano-vfprintf_i.o)
 .ARM.attributes
                0x0000070e       0x34 C:/ST/STM32CubeIDE_1.16.1/STM32CubeIDE/plugins/com.st.stm32cube.ide.mcu.externaltools.gnu-tools-for-stm32.12.3.rel1.win32_1.1.0.202410251130/tools/bin/../lib/gcc/arm-none-eabi/12.3.1/../../../../arm-none-eabi/lib/thumb/v7e-m+fp/hard\libc_nano.a(libc_a-memmove.o)
 .ARM.attributes
                0x00000742       0x1c C:/ST/STM32CubeIDE_1.16.1/STM32CubeIDE/plugins/com.st.stm32cube.ide.mcu.externaltools.gnu-tools-for-stm32.12.3.rel1.win32_1.1.0.202410251130/tools/bin/../lib/gcc/arm-none-eabi/12.3.1/../../../../arm-none-eabi/lib/thumb/v7e-m+fp/hard\libc_nano.a(libc_a-memchr.o)
 .ARM.attributes
                0x0000075e       0x34 C:/ST/STM32CubeIDE_1.16.1/STM32CubeIDE/plugins/com.st.stm32cube.ide.mcu.externaltools.gnu-tools-for-stm32.12.3.rel1.win32_1.1.0.202410251130/tools/bin/../lib/gcc/arm-none-eabi/12.3.1/../../../../arm-none-eabi/lib/thumb/v7e-m+fp/hard\libc_nano.a(libc_a-reallocr.o)
 .ARM.attributes
                0x00000792       0x34 C:/ST/STM32CubeIDE_1.16.1/STM32CubeIDE/plugins/com.st.stm32cube.ide.mcu.externaltools.gnu-tools-for-stm32.12.3.rel1.win32_1.1.0.202410251130/tools/bin/../lib/gcc/arm-none-eabi/12.3.1/../../../../arm-none-eabi/lib/thumb/v7e-m+fp/hard\libc_nano.a(libc_a-msizer.o)
 .ARM.attributes
                0x000007c6       0x22 C:/ST/STM32CubeIDE_1.16.1/STM32CubeIDE/plugins/com.st.stm32cube.ide.mcu.externaltools.gnu-tools-for-stm32.12.3.rel1.win32_1.1.0.202410251130/tools/bin/../lib/gcc/arm-none-eabi/12.3.1/thumb/v7e-m+fp/hard\libgcc.a(_aeabi_uldivmod.o)
 .ARM.attributes
                0x000007e8       0x34 C:/ST/STM32CubeIDE_1.16.1/STM32CubeIDE/plugins/com.st.stm32cube.ide.mcu.externaltools.gnu-tools-for-stm32.12.3.rel1.win32_1.1.0.202410251130/tools/bin/../lib/gcc/arm-none-eabi/12.3.1/thumb/v7e-m+fp/hard\libgcc.a(_udivmoddi4.o)
 .ARM.attributes
                0x0000081c       0x22 C:/ST/STM32CubeIDE_1.16.1/STM32CubeIDE/plugins/com.st.stm32cube.ide.mcu.externaltools.gnu-tools-for-stm32.12.3.rel1.win32_1.1.0.202410251130/tools/bin/../lib/gcc/arm-none-eabi/12.3.1/thumb/v7e-m+fp/hard\libgcc.a(_dvmd_tls.o)
 .ARM.attributes
                0x0000083e       0x22 C:/ST/STM32CubeIDE_1.16.1/STM32CubeIDE/plugins/com.st.stm32cube.ide.mcu.externaltools.gnu-tools-for-stm32.12.3.rel1.win32_1.1.0.202410251130/tools/bin/../lib/gcc/arm-none-eabi/12.3.1/thumb/v7e-m+fp/hard/crtn.o
OUTPUT(ModuleSim.elf elf32-littlearm)
LOAD linker stubs
LOAD C:/ST/STM32CubeIDE_1.16.1/STM32CubeIDE/plugins/com.st.stm32cube.ide.mcu.externaltools.gnu-tools-for-stm32.12.3.rel1.win32_1.1.0.202410251130/tools/bin/../lib/gcc/arm-none-eabi/12.3.1/../../../../arm-none-eabi/lib/thumb/v7e-m+fp/hard\libc.a
LOAD C:/ST/STM32CubeIDE_1.16.1/STM32CubeIDE/plugins/com.st.stm32cube.ide.mcu.externaltools.gnu-tools-for-stm32.12.3.rel1.win32_1.1.0.202410251130/tools/bin/../lib/gcc/arm-none-eabi/12.3.1/../../../../arm-none-eabi/lib/thumb/v7e-m+fp/hard\libm.a
LOAD C:/ST/STM32CubeIDE_1.16.1/STM32CubeIDE/plugins/com.st.stm32cube.ide.mcu.externaltools.gnu-tools-for-stm32.12.3.rel1.win32_1.1.0.202410251130/tools/bin/../lib/gcc/arm-none-eabi/12.3.1/thumb/v7e-m+fp/hard\libgcc.a

.debug_info     0x00000000     0xa9f5
 .debug_info    0x00000000      0x51f ./Core/Src/FifoBuffer.o
 .debug_info    0x0000051f      0xc5d ./Core/Src/main.o
 .debug_info    0x0000117c      0x6f3 ./Core/Src/myprint.o
 .debug_info    0x0000186f     0x10b0 ./Core/Src/sim808.o
 .debug_info    0x0000291f      0xa84 ./Core/Src/simpruebe.o
 .debug_info    0x000033a3      0xb38 ./Core/Src/stm32f4xx_hal_msp.o
 .debug_info    0x00003edb      0x65f ./Core/Src/stm32f4xx_it.o
 .debug_info    0x0000453a      0x168 ./Core/Src/sysmem.o
 .debug_info    0x000046a2      0x53e ./Core/Src/system_stm32f4xx.o
 .debug_info    0x00004be0       0x30 ./Core/Startup/startup_stm32f411ceux.o
 .debug_info    0x00004c10      0x8c4 ./Drivers/STM32F4xx_HAL_Driver/Src/stm32f4xx_hal.o
 .debug_info    0x000054d4      0xcfc ./Drivers/STM32F4xx_HAL_Driver/Src/stm32f4xx_hal_cortex.o
 .debug_info    0x000061d0      0x8e6 ./Drivers/STM32F4xx_HAL_Driver/Src/stm32f4xx_hal_dma.o
 .debug_info    0x00006ab6      0x6f9 ./Drivers/STM32F4xx_HAL_Driver/Src/stm32f4xx_hal_gpio.o
 .debug_info    0x000071af      0x8f0 ./Drivers/STM32F4xx_HAL_Driver/Src/stm32f4xx_hal_rcc.o
 .debug_info    0x00007a9f     0x2f56 ./Drivers/STM32F4xx_HAL_Driver/Src/stm32f4xx_hal_uart.o

.debug_abbrev   0x00000000     0x1f6c
 .debug_abbrev  0x00000000      0x1aa ./Core/Src/FifoBuffer.o
 .debug_abbrev  0x000001aa      0x265 ./Core/Src/main.o
 .debug_abbrev  0x0000040f      0x1c3 ./Core/Src/myprint.o
 .debug_abbrev  0x000005d2      0x300 ./Core/Src/sim808.o
 .debug_abbrev  0x000008d2      0x224 ./Core/Src/simpruebe.o
 .debug_abbrev  0x00000af6      0x1cb ./Core/Src/stm32f4xx_hal_msp.o
 .debug_abbrev  0x00000cc1      0x184 ./Core/Src/stm32f4xx_it.o
 .debug_abbrev  0x00000e45       0xbc ./Core/Src/sysmem.o
 .debug_abbrev  0x00000f01      0x11a ./Core/Src/system_stm32f4xx.o
 .debug_abbrev  0x0000101b       0x24 ./Core/Startup/startup_stm32f411ceux.o
 .debug_abbrev  0x0000103f      0x24b ./Drivers/STM32F4xx_HAL_Driver/Src/stm32f4xx_hal.o
 .debug_abbrev  0x0000128a      0x31d ./Drivers/STM32F4xx_HAL_Driver/Src/stm32f4xx_hal_cortex.o
 .debug_abbrev  0x000015a7      0x221 ./Drivers/STM32F4xx_HAL_Driver/Src/stm32f4xx_hal_dma.o
 .debug_abbrev  0x000017c8      0x1d3 ./Drivers/STM32F4xx_HAL_Driver/Src/stm32f4xx_hal_gpio.o
 .debug_abbrev  0x0000199b      0x2b6 ./Drivers/STM32F4xx_HAL_Driver/Src/stm32f4xx_hal_rcc.o
 .debug_abbrev  0x00001c51      0x31b ./Drivers/STM32F4xx_HAL_Driver/Src/stm32f4xx_hal_uart.o

.debug_aranges  0x00000000      0x8e8
 .debug_aranges
                0x00000000       0x80 ./Core/Src/FifoBuffer.o
 .debug_aranges
                0x00000080       0x50 ./Core/Src/main.o
 .debug_aranges
                0x000000d0       0x28 ./Core/Src/myprint.o
 .debug_aranges
                0x000000f8      0x108 ./Core/Src/sim808.o
 .debug_aranges
                0x00000200       0x40 ./Core/Src/simpruebe.o
 .debug_aranges
                0x00000240       0x30 ./Core/Src/stm32f4xx_hal_msp.o
 .debug_aranges
                0x00000270       0x70 ./Core/Src/stm32f4xx_it.o
 .debug_aranges
                0x000002e0       0x20 ./Core/Src/sysmem.o
 .debug_aranges
                0x00000300       0x28 ./Core/Src/system_stm32f4xx.o
 .debug_aranges
                0x00000328       0x28 ./Core/Startup/startup_stm32f411ceux.o
 .debug_aranges
                0x00000350       0xf0 ./Drivers/STM32F4xx_HAL_Driver/Src/stm32f4xx_hal.o
 .debug_aranges
                0x00000440      0x130 ./Drivers/STM32F4xx_HAL_Driver/Src/stm32f4xx_hal_cortex.o
 .debug_aranges
                0x00000570       0x90 ./Drivers/STM32F4xx_HAL_Driver/Src/stm32f4xx_hal_dma.o
 .debug_aranges
                0x00000600       0x58 ./Drivers/STM32F4xx_HAL_Driver/Src/stm32f4xx_hal_gpio.o
 .debug_aranges
                0x00000658       0x88 ./Drivers/STM32F4xx_HAL_Driver/Src/stm32f4xx_hal_rcc.o
 .debug_aranges
                0x000006e0      0x208 ./Drivers/STM32F4xx_HAL_Driver/Src/stm32f4xx_hal_uart.o

.debug_rnglists
                0x00000000      0x6c1
 .debug_rnglists
                0x00000000       0x5c ./Core/Src/FifoBuffer.o
 .debug_rnglists
                0x0000005c       0x39 ./Core/Src/main.o
 .debug_rnglists
                0x00000095       0x19 ./Core/Src/myprint.o
 .debug_rnglists
                0x000000ae       0xd2 ./Core/Src/sim808.o
 .debug_rnglists
                0x00000180       0x2c ./Core/Src/simpruebe.o
 .debug_rnglists
                0x000001ac       0x20 ./Core/Src/stm32f4xx_hal_msp.o
 .debug_rnglists
                0x000001cc       0x4f ./Core/Src/stm32f4xx_it.o
 .debug_rnglists
                0x0000021b       0x13 ./Core/Src/sysmem.o
 .debug_rnglists
                0x0000022e       0x1a ./Core/Src/system_stm32f4xx.o
 .debug_rnglists
                0x00000248       0x19 ./Core/Startup/startup_stm32f411ceux.o
 .debug_rnglists
                0x00000261       0xaf ./Drivers/STM32F4xx_HAL_Driver/Src/stm32f4xx_hal.o
 .debug_rnglists
                0x00000310       0xe0 ./Drivers/STM32F4xx_HAL_Driver/Src/stm32f4xx_hal_cortex.o
 .debug_rnglists
                0x000003f0       0x70 ./Drivers/STM32F4xx_HAL_Driver/Src/stm32f4xx_hal_dma.o
 .debug_rnglists
                0x00000460       0x3f ./Drivers/STM32F4xx_HAL_Driver/Src/stm32f4xx_hal_gpio.o
 .debug_rnglists
                0x0000049f       0x66 ./Drivers/STM32F4xx_HAL_Driver/Src/stm32f4xx_hal_rcc.o
 .debug_rnglists
                0x00000505      0x1bc ./Drivers/STM32F4xx_HAL_Driver/Src/stm32f4xx_hal_uart.o

.debug_macro    0x00000000    0x16b77
 .debug_macro   0x00000000      0x1b3 ./Core/Src/FifoBuffer.o
 .debug_macro   0x000001b3      0xab4 ./Core/Src/FifoBuffer.o
 .debug_macro   0x00000c67       0x22 ./Core/Src/FifoBuffer.o
 .debug_macro   0x00000c89       0x8e ./Core/Src/FifoBuffer.o
 .debug_macro   0x00000d17       0x51 ./Core/Src/FifoBuffer.o
 .debug_macro   0x00000d68      0x103 ./Core/Src/FifoBuffer.o
 .debug_macro   0x00000e6b       0x6a ./Core/Src/FifoBuffer.o
 .debug_macro   0x00000ed5      0x1df ./Core/Src/FifoBuffer.o
 .debug_macro   0x000010b4       0x61 ./Core/Src/FifoBuffer.o
 .debug_macro   0x00001115       0x2a ./Core/Src/FifoBuffer.o
 .debug_macro   0x0000113f       0x43 ./Core/Src/FifoBuffer.o
 .debug_macro   0x00001182       0x34 ./Core/Src/FifoBuffer.o
 .debug_macro   0x000011b6       0x16 ./Core/Src/FifoBuffer.o
 .debug_macro   0x000011cc       0x9e ./Core/Src/FifoBuffer.o
 .debug_macro   0x0000126a      0x369 ./Core/Src/FifoBuffer.o
 .debug_macro   0x000015d3      0x10b ./Core/Src/FifoBuffer.o
 .debug_macro   0x000016de       0x10 ./Core/Src/FifoBuffer.o
 .debug_macro   0x000016ee       0x16 ./Core/Src/FifoBuffer.o
 .debug_macro   0x00001704       0x43 ./Core/Src/FifoBuffer.o
 .debug_macro   0x00001747       0x34 ./Core/Src/FifoBuffer.o
 .debug_macro   0x0000177b       0x10 ./Core/Src/FifoBuffer.o
 .debug_macro   0x0000178b       0x58 ./Core/Src/FifoBuffer.o
 .debug_macro   0x000017e3       0x8e ./Core/Src/FifoBuffer.o
 .debug_macro   0x00001871       0x1c ./Core/Src/FifoBuffer.o
 .debug_macro   0x0000188d      0x177 ./Core/Src/FifoBuffer.o
 .debug_macro   0x00001a04       0x16 ./Core/Src/FifoBuffer.o
 .debug_macro   0x00001a1a       0x16 ./Core/Src/FifoBuffer.o
 .debug_macro   0x00001a30      0x146 ./Core/Src/FifoBuffer.o
 .debug_macro   0x00001b76       0x16 ./Core/Src/FifoBuffer.o
 .debug_macro   0x00001b8c       0x35 ./Core/Src/FifoBuffer.o
 .debug_macro   0x00001bc1       0x16 ./Core/Src/FifoBuffer.o
 .debug_macro   0x00001bd7       0x29 ./Core/Src/FifoBuffer.o
 .debug_macro   0x00001c00       0x16 ./Core/Src/FifoBuffer.o
 .debug_macro   0x00001c16       0x20 ./Core/Src/FifoBuffer.o
 .debug_macro   0x00001c36       0x16 ./Core/Src/FifoBuffer.o
 .debug_macro   0x00001c4c      0x35f ./Core/Src/main.o
 .debug_macro   0x00001fab      0x295 ./Core/Src/main.o
 .debug_macro   0x00002240       0x2e ./Core/Src/main.o
 .debug_macro   0x0000226e       0x28 ./Core/Src/main.o
 .debug_macro   0x00002296       0x1c ./Core/Src/main.o
 .debug_macro   0x000022b2       0x22 ./Core/Src/main.o
 .debug_macro   0x000022d4       0xfb ./Core/Src/main.o
 .debug_macro   0x000023cf     0x1011 ./Core/Src/main.o
 .debug_macro   0x000033e0      0x11f ./Core/Src/main.o
 .debug_macro   0x000034ff     0xb953 ./Core/Src/main.o
 .debug_macro   0x0000ee52       0x6d ./Core/Src/main.o
 .debug_macro   0x0000eebf     0x369a ./Core/Src/main.o
 .debug_macro   0x00012559      0x189 ./Core/Src/main.o
 .debug_macro   0x000126e2       0x5c ./Core/Src/main.o
 .debug_macro   0x0001273e      0x45c ./Core/Src/main.o
 .debug_macro   0x00012b9a      0x9e9 ./Core/Src/main.o
 .debug_macro   0x00013583      0x115 ./Core/Src/main.o
 .debug_macro   0x00013698      0x11b ./Core/Src/main.o
 .debug_macro   0x000137b3       0xa5 ./Core/Src/main.o
 .debug_macro   0x00013858      0x15f ./Core/Src/main.o
 .debug_macro   0x000139b7      0x287 ./Core/Src/main.o
 .debug_macro   0x00013c3e       0x5f ./Core/Src/main.o
 .debug_macro   0x00013c9d      0x236 ./Core/Src/main.o
 .debug_macro   0x00013ed3      0x132 ./Core/Src/main.o
 .debug_macro   0x00014005      0x264 ./Core/Src/main.o
 .debug_macro   0x00014269       0x2e ./Core/Src/main.o
 .debug_macro   0x00014297      0x127 ./Core/Src/main.o
 .debug_macro   0x000143be       0x85 ./Core/Src/main.o
 .debug_macro   0x00014443       0x89 ./Core/Src/main.o
 .debug_macro   0x000144cc      0x2aa ./Core/Src/main.o
 .debug_macro   0x00014776      0x126 ./Core/Src/main.o
 .debug_macro   0x0001489c       0x4c ./Core/Src/main.o
 .debug_macro   0x000148e8       0x22 ./Core/Src/main.o
 .debug_macro   0x0001490a       0x34 ./Core/Src/main.o
 .debug_macro   0x0001493e       0x1c ./Core/Src/main.o
 .debug_macro   0x0001495a      0x341 ./Core/Src/myprint.o
 .debug_macro   0x00014c9b       0x5b ./Core/Src/myprint.o
 .debug_macro   0x00014cf6       0x94 ./Core/Src/myprint.o
 .debug_macro   0x00014d8a       0x57 ./Core/Src/myprint.o
 .debug_macro   0x00014de1       0x56 ./Core/Src/myprint.o
 .debug_macro   0x00014e37      0x33b ./Core/Src/sim808.o
 .debug_macro   0x00015172       0x10 ./Core/Src/sim808.o
 .debug_macro   0x00015182       0x1c ./Core/Src/sim808.o
 .debug_macro   0x0001519e       0x1c ./Core/Src/sim808.o
 .debug_macro   0x000151ba      0x34b ./Core/Src/simpruebe.o
 .debug_macro   0x00015505      0x343 ./Core/Src/stm32f4xx_hal_msp.o
 .debug_macro   0x00015848      0x34d ./Core/Src/stm32f4xx_it.o
 .debug_macro   0x00015b95       0xff ./Core/Src/sysmem.o
 .debug_macro   0x00015c94      0x23c ./Core/Src/sysmem.o
 .debug_macro   0x00015ed0      0x1ba ./Core/Src/system_stm32f4xx.o
 .debug_macro   0x0001608a      0x21a ./Drivers/STM32F4xx_HAL_Driver/Src/stm32f4xx_hal.o
 .debug_macro   0x000162a4      0x1ba ./Drivers/STM32F4xx_HAL_Driver/Src/stm32f4xx_hal_cortex.o
 .debug_macro   0x0001645e      0x1c0 ./Drivers/STM32F4xx_HAL_Driver/Src/stm32f4xx_hal_dma.o
 .debug_macro   0x0001661e      0x1c0 ./Drivers/STM32F4xx_HAL_Driver/Src/stm32f4xx_hal_gpio.o
 .debug_macro   0x000167de      0x1de ./Drivers/STM32F4xx_HAL_Driver/Src/stm32f4xx_hal_rcc.o
 .debug_macro   0x000169bc      0x1bb ./Drivers/STM32F4xx_HAL_Driver/Src/stm32f4xx_hal_uart.o

.debug_line     0x00000000     0xbc87
 .debug_line    0x00000000      0x7fc ./Core/Src/FifoBuffer.o
 .debug_line    0x000007fc      0xa42 ./Core/Src/main.o
 .debug_line    0x0000123e      0x916 ./Core/Src/myprint.o
 .debug_line    0x00001b54      0xe86 ./Core/Src/sim808.o
 .debug_line    0x000029da      0x9a5 ./Core/Src/simpruebe.o
 .debug_line    0x0000337f      0x977 ./Core/Src/stm32f4xx_hal_msp.o
 .debug_line    0x00003cf6      0x9e5 ./Core/Src/stm32f4xx_it.o
 .debug_line    0x000046db      0x579 ./Core/Src/sysmem.o
 .debug_line    0x00004c54      0x79a ./Core/Src/system_stm32f4xx.o
 .debug_line    0x000053ee       0x7a ./Core/Startup/startup_stm32f411ceux.o
 .debug_line    0x00005468      0xa03 ./Drivers/STM32F4xx_HAL_Driver/Src/stm32f4xx_hal.o
 .debug_line    0x00005e6b      0xcf5 ./Drivers/STM32F4xx_HAL_Driver/Src/stm32f4xx_hal_cortex.o
 .debug_line    0x00006b60      0xf73 ./Drivers/STM32F4xx_HAL_Driver/Src/stm32f4xx_hal_dma.o
 .debug_line    0x00007ad3      0xb53 ./Drivers/STM32F4xx_HAL_Driver/Src/stm32f4xx_hal_gpio.o
 .debug_line    0x00008626      0xd8c ./Drivers/STM32F4xx_HAL_Driver/Src/stm32f4xx_hal_rcc.o
 .debug_line    0x000093b2     0x28d5 ./Drivers/STM32F4xx_HAL_Driver/Src/stm32f4xx_hal_uart.o

.debug_str      0x00000000    0x86e8c
 .debug_str     0x00000000     0x7b1f ./Core/Src/FifoBuffer.o
                               0x7d52 (size before relaxing)
 .debug_str     0x00007b1f    0x7c8c0 ./Core/Src/main.o
                              0x844bc (size before relaxing)
 .debug_str     0x000843df       0x50 ./Core/Src/myprint.o
                              0x840e8 (size before relaxing)
 .debug_str     0x0008442f      0x8d8 ./Core/Src/sim808.o
                              0x84626 (size before relaxing)
 .debug_str     0x00084d07       0x82 ./Core/Src/simpruebe.o
                              0x84370 (size before relaxing)
 .debug_str     0x00084d89      0x438 ./Core/Src/stm32f4xx_hal_msp.o
                              0x845f4 (size before relaxing)
 .debug_str     0x000851c1      0x101 ./Core/Src/stm32f4xx_it.o
                              0x84136 (size before relaxing)
 .debug_str     0x000852c2      0x4dc ./Core/Src/sysmem.o
                               0x60cf (size before relaxing)
 .debug_str     0x0008579e       0xdb ./Core/Src/system_stm32f4xx.o
                              0x7ffff (size before relaxing)
 .debug_str     0x00085879       0x44 ./Core/Startup/startup_stm32f411ceux.o
                                 0x82 (size before relaxing)
 .debug_str     0x000858bd      0x601 ./Drivers/STM32F4xx_HAL_Driver/Src/stm32f4xx_hal.o
                              0x80a2b (size before relaxing)
 .debug_str     0x00085ebe      0x36b ./Drivers/STM32F4xx_HAL_Driver/Src/stm32f4xx_hal_cortex.o
                              0x80795 (size before relaxing)
 .debug_str     0x00086229      0x328 ./Drivers/STM32F4xx_HAL_Driver/Src/stm32f4xx_hal_dma.o
                              0x80407 (size before relaxing)
 .debug_str     0x00086551      0x121 ./Drivers/STM32F4xx_HAL_Driver/Src/stm32f4xx_hal_gpio.o
                              0x8017a (size before relaxing)
 .debug_str     0x00086672      0x228 ./Drivers/STM32F4xx_HAL_Driver/Src/stm32f4xx_hal_rcc.o
                              0x80433 (size before relaxing)
 .debug_str     0x0008689a      0x5f2 ./Drivers/STM32F4xx_HAL_Driver/Src/stm32f4xx_hal_uart.o
                              0x80a02 (size before relaxing)

.comment        0x00000000       0x43
 .comment       0x00000000       0x43 ./Core/Src/FifoBuffer.o
                                 0x44 (size before relaxing)
 .comment       0x00000043       0x44 ./Core/Src/main.o
 .comment       0x00000043       0x44 ./Core/Src/myprint.o
 .comment       0x00000043       0x44 ./Core/Src/sim808.o
 .comment       0x00000043       0x44 ./Core/Src/simpruebe.o
 .comment       0x00000043       0x44 ./Core/Src/stm32f4xx_hal_msp.o
 .comment       0x00000043       0x44 ./Core/Src/stm32f4xx_it.o
 .comment       0x00000043       0x44 ./Core/Src/sysmem.o
 .comment       0x00000043       0x44 ./Core/Src/system_stm32f4xx.o
 .comment       0x00000043       0x44 ./Drivers/STM32F4xx_HAL_Driver/Src/stm32f4xx_hal.o
 .comment       0x00000043       0x44 ./Drivers/STM32F4xx_HAL_Driver/Src/stm32f4xx_hal_cortex.o
 .comment       0x00000043       0x44 ./Drivers/STM32F4xx_HAL_Driver/Src/stm32f4xx_hal_dma.o
 .comment       0x00000043       0x44 ./Drivers/STM32F4xx_HAL_Driver/Src/stm32f4xx_hal_gpio.o
 .comment       0x00000043       0x44 ./Drivers/STM32F4xx_HAL_Driver/Src/stm32f4xx_hal_rcc.o
 .comment       0x00000043       0x44 ./Drivers/STM32F4xx_HAL_Driver/Src/stm32f4xx_hal_uart.o

.debug_frame    0x00000000     0x2840
 .debug_frame   0x00000000      0x1fc ./Core/Src/FifoBuffer.o
 .debug_frame   0x000001fc       0xe0 ./Core/Src/main.o
 .debug_frame   0x000002dc       0x6c ./Core/Src/myprint.o
 .debug_frame   0x00000348      0x478 ./Core/Src/sim808.o
 .debug_frame   0x000007c0       0xdc ./Core/Src/simpruebe.o
 .debug_frame   0x0000089c       0x80 ./Core/Src/stm32f4xx_hal_msp.o
 .debug_frame   0x0000091c      0x13c ./Core/Src/stm32f4xx_it.o
 .debug_frame   0x00000a58       0x34 ./Core/Src/sysmem.o
 .debug_frame   0x00000a8c       0x58 ./Core/Src/system_stm32f4xx.o
 .debug_frame   0x00000ae4      0x374 ./Drivers/STM32F4xx_HAL_Driver/Src/stm32f4xx_hal.o
 .debug_frame   0x00000e58      0x508 ./Drivers/STM32F4xx_HAL_Driver/Src/stm32f4xx_hal_cortex.o
 .debug_frame   0x00001360      0x250 ./Drivers/STM32F4xx_HAL_Driver/Src/stm32f4xx_hal_dma.o
 .debug_frame   0x000015b0      0x14c ./Drivers/STM32F4xx_HAL_Driver/Src/stm32f4xx_hal_gpio.o
 .debug_frame   0x000016fc      0x1f4 ./Drivers/STM32F4xx_HAL_Driver/Src/stm32f4xx_hal_rcc.o
 .debug_frame   0x000018f0      0x954 ./Drivers/STM32F4xx_HAL_Driver/Src/stm32f4xx_hal_uart.o
 .debug_frame   0x00002244       0x50 C:/ST/STM32CubeIDE_1.16.1/STM32CubeIDE/plugins/com.st.stm32cube.ide.mcu.externaltools.gnu-tools-for-stm32.12.3.rel1.win32_1.1.0.202410251130/tools/bin/../lib/gcc/arm-none-eabi/12.3.1/../../../../arm-none-eabi/lib/thumb/v7e-m+fp/hard\libc_nano.a(libc_a-mallocr.o)
 .debug_frame   0x00002294       0x30 C:/ST/STM32CubeIDE_1.16.1/STM32CubeIDE/plugins/com.st.stm32cube.ide.mcu.externaltools.gnu-tools-for-stm32.12.3.rel1.win32_1.1.0.202410251130/tools/bin/../lib/gcc/arm-none-eabi/12.3.1/../../../../arm-none-eabi/lib/thumb/v7e-m+fp/hard\libc_nano.a(libc_a-mlock.o)
 .debug_frame   0x000022c4      0x144 C:/ST/STM32CubeIDE_1.16.1/STM32CubeIDE/plugins/com.st.stm32cube.ide.mcu.externaltools.gnu-tools-for-stm32.12.3.rel1.win32_1.1.0.202410251130/tools/bin/../lib/gcc/arm-none-eabi/12.3.1/../../../../arm-none-eabi/lib/thumb/v7e-m+fp/hard\libc_nano.a(libc_a-findfp.o)
 .debug_frame   0x00002408       0x3c C:/ST/STM32CubeIDE_1.16.1/STM32CubeIDE/plugins/com.st.stm32cube.ide.mcu.externaltools.gnu-tools-for-stm32.12.3.rel1.win32_1.1.0.202410251130/tools/bin/../lib/gcc/arm-none-eabi/12.3.1/../../../../arm-none-eabi/lib/thumb/v7e-m+fp/hard\libc_nano.a(libc_a-vsprintf.o)
 .debug_frame   0x00002444       0x20 C:/ST/STM32CubeIDE_1.16.1/STM32CubeIDE/plugins/com.st.stm32cube.ide.mcu.externaltools.gnu-tools-for-stm32.12.3.rel1.win32_1.1.0.202410251130/tools/bin/../lib/gcc/arm-none-eabi/12.3.1/../../../../arm-none-eabi/lib/thumb/v7e-m+fp/hard\libc_nano.a(libc_a-memset.o)
 .debug_frame   0x00002464       0x28 C:/ST/STM32CubeIDE_1.16.1/STM32CubeIDE/plugins/com.st.stm32cube.ide.mcu.externaltools.gnu-tools-for-stm32.12.3.rel1.win32_1.1.0.202410251130/tools/bin/../lib/gcc/arm-none-eabi/12.3.1/../../../../arm-none-eabi/lib/thumb/v7e-m+fp/hard\libc_nano.a(libc_a-strncpy.o)
 .debug_frame   0x0000248c       0x38 C:/ST/STM32CubeIDE_1.16.1/STM32CubeIDE/plugins/com.st.stm32cube.ide.mcu.externaltools.gnu-tools-for-stm32.12.3.rel1.win32_1.1.0.202410251130/tools/bin/../lib/gcc/arm-none-eabi/12.3.1/../../../../arm-none-eabi/lib/thumb/v7e-m+fp/hard\libc_nano.a(libc_a-reent.o)
 .debug_frame   0x000024c4       0x2c C:/ST/STM32CubeIDE_1.16.1/STM32CubeIDE/plugins/com.st.stm32cube.ide.mcu.externaltools.gnu-tools-for-stm32.12.3.rel1.win32_1.1.0.202410251130/tools/bin/../lib/gcc/arm-none-eabi/12.3.1/../../../../arm-none-eabi/lib/thumb/v7e-m+fp/hard\libc_nano.a(libc_a-sbrkr.o)
 .debug_frame   0x000024f0       0x20 C:/ST/STM32CubeIDE_1.16.1/STM32CubeIDE/plugins/com.st.stm32cube.ide.mcu.externaltools.gnu-tools-for-stm32.12.3.rel1.win32_1.1.0.202410251130/tools/bin/../lib/gcc/arm-none-eabi/12.3.1/../../../../arm-none-eabi/lib/thumb/v7e-m+fp/hard\libc_nano.a(libc_a-errno.o)
 .debug_frame   0x00002510       0x2c C:/ST/STM32CubeIDE_1.16.1/STM32CubeIDE/plugins/com.st.stm32cube.ide.mcu.externaltools.gnu-tools-for-stm32.12.3.rel1.win32_1.1.0.202410251130/tools/bin/../lib/gcc/arm-none-eabi/12.3.1/../../../../arm-none-eabi/lib/thumb/v7e-m+fp/hard\libc_nano.a(libc_a-init.o)
 .debug_frame   0x0000253c       0xb0 C:/ST/STM32CubeIDE_1.16.1/STM32CubeIDE/plugins/com.st.stm32cube.ide.mcu.externaltools.gnu-tools-for-stm32.12.3.rel1.win32_1.1.0.202410251130/tools/bin/../lib/gcc/arm-none-eabi/12.3.1/../../../../arm-none-eabi/lib/thumb/v7e-m+fp/hard\libc_nano.a(libc_a-lock.o)
 .debug_frame   0x000025ec       0x20 C:/ST/STM32CubeIDE_1.16.1/STM32CubeIDE/plugins/com.st.stm32cube.ide.mcu.externaltools.gnu-tools-for-stm32.12.3.rel1.win32_1.1.0.202410251130/tools/bin/../lib/gcc/arm-none-eabi/12.3.1/../../../../arm-none-eabi/lib/thumb/v7e-m+fp/hard\libc_nano.a(libc_a-strcpy.o)
 .debug_frame   0x0000260c       0x28 C:/ST/STM32CubeIDE_1.16.1/STM32CubeIDE/plugins/com.st.stm32cube.ide.mcu.externaltools.gnu-tools-for-stm32.12.3.rel1.win32_1.1.0.202410251130/tools/bin/../lib/gcc/arm-none-eabi/12.3.1/../../../../arm-none-eabi/lib/thumb/v7e-m+fp/hard\libc_nano.a(libc_a-memcpy-stub.o)
 .debug_frame   0x00002634       0x38 C:/ST/STM32CubeIDE_1.16.1/STM32CubeIDE/plugins/com.st.stm32cube.ide.mcu.externaltools.gnu-tools-for-stm32.12.3.rel1.win32_1.1.0.202410251130/tools/bin/../lib/gcc/arm-none-eabi/12.3.1/../../../../arm-none-eabi/lib/thumb/v7e-m+fp/hard\libc_nano.a(libc_a-freer.o)
 .debug_frame   0x0000266c       0x90 C:/ST/STM32CubeIDE_1.16.1/STM32CubeIDE/plugins/com.st.stm32cube.ide.mcu.externaltools.gnu-tools-for-stm32.12.3.rel1.win32_1.1.0.202410251130/tools/bin/../lib/gcc/arm-none-eabi/12.3.1/../../../../arm-none-eabi/lib/thumb/v7e-m+fp/hard\libc_nano.a(libc_a-nano-svfprintf.o)
 .debug_frame   0x000026fc       0x60 C:/ST/STM32CubeIDE_1.16.1/STM32CubeIDE/plugins/com.st.stm32cube.ide.mcu.externaltools.gnu-tools-for-stm32.12.3.rel1.win32_1.1.0.202410251130/tools/bin/../lib/gcc/arm-none-eabi/12.3.1/../../../../arm-none-eabi/lib/thumb/v7e-m+fp/hard\libc_nano.a(libc_a-nano-vfprintf_i.o)
 .debug_frame   0x0000275c       0x28 C:/ST/STM32CubeIDE_1.16.1/STM32CubeIDE/plugins/com.st.stm32cube.ide.mcu.externaltools.gnu-tools-for-stm32.12.3.rel1.win32_1.1.0.202410251130/tools/bin/../lib/gcc/arm-none-eabi/12.3.1/../../../../arm-none-eabi/lib/thumb/v7e-m+fp/hard\libc_nano.a(libc_a-memmove.o)
 .debug_frame   0x00002784       0x3c C:/ST/STM32CubeIDE_1.16.1/STM32CubeIDE/plugins/com.st.stm32cube.ide.mcu.externaltools.gnu-tools-for-stm32.12.3.rel1.win32_1.1.0.202410251130/tools/bin/../lib/gcc/arm-none-eabi/12.3.1/../../../../arm-none-eabi/lib/thumb/v7e-m+fp/hard\libc_nano.a(libc_a-reallocr.o)
 .debug_frame   0x000027c0       0x20 C:/ST/STM32CubeIDE_1.16.1/STM32CubeIDE/plugins/com.st.stm32cube.ide.mcu.externaltools.gnu-tools-for-stm32.12.3.rel1.win32_1.1.0.202410251130/tools/bin/../lib/gcc/arm-none-eabi/12.3.1/../../../../arm-none-eabi/lib/thumb/v7e-m+fp/hard\libc_nano.a(libc_a-msizer.o)
 .debug_frame   0x000027e0       0x2c C:/ST/STM32CubeIDE_1.16.1/STM32CubeIDE/plugins/com.st.stm32cube.ide.mcu.externaltools.gnu-tools-for-stm32.12.3.rel1.win32_1.1.0.202410251130/tools/bin/../lib/gcc/arm-none-eabi/12.3.1/thumb/v7e-m+fp/hard\libgcc.a(_aeabi_uldivmod.o)
 .debug_frame   0x0000280c       0x34 C:/ST/STM32CubeIDE_1.16.1/STM32CubeIDE/plugins/com.st.stm32cube.ide.mcu.externaltools.gnu-tools-for-stm32.12.3.rel1.win32_1.1.0.202410251130/tools/bin/../lib/gcc/arm-none-eabi/12.3.1/thumb/v7e-m+fp/hard\libgcc.a(_udivmoddi4.o)

.debug_line_str
                0x00000000       0x66
 .debug_line_str
                0x00000000       0x66 ./Core/Startup/startup_stm32f411ceux.o
