../Core/Src/sim808.c:147:11:SequenseEvent	16	static
../Core/Src/sim808.c:158:22:ResponseMessage	24	static
../Core/Src/sim808.c:167:13:EventAtCommand	16	static
../Core/Src/sim808.c:174:13:AtCommands	16	static
../Core/Src/sim808.c:180:7:GetSimBufferPointer	16	static
../Core/Src/sim808.c:186:6:SetTxPrint	24	static
../Core/Src/sim808.c:194:6:EmptBufferSim808	24	static
../Core/Src/sim808.c:205:6:SetRxBuffe	24	static
../Core/Src/sim808.c:213:6:SendCommand	24	static
../Core/Src/sim808.c:222:8:SendAndSimpleResponse	24	static
../Core/Src/sim808.c:254:6:SendCommandWhitParameter	32	static
../Core/Src/sim808.c:266:9:SendMessageToPhoneNumber	24	static
../Core/Src/sim808.c:274:10:NElemensFromBufferSim	16	static
../Core/Src/sim808.c:280:6:ElementFromSim	16	static
../Core/Src/sim808.c:286:6:ReadBufferUntillPather	32	static
../Core/Src/sim808.c:307:6:ReadBufferFromUser	32	static
../Core/Src/sim808.c:362:8:FindPather	24	static
../Core/Src/sim808.c:384:8:SendAndWait	4	static
../Core/Src/sim808.c:389:6:sim808Init	4	static
../Core/Src/sim808.c:394:11:Sim808InitDynamic	24	static
../Core/Src/sim808.c:416:6:ResetBufferUser	16	static
../Core/Src/sim808.c:429:9:SendAndResponse	48	static
../Core/Src/sim808.c:515:7:DataBetweenCharacter	48	static
../Core/Src/sim808.c:553:7:PFindnPositionIndex	32	static
../Core/Src/sim808.c:566:6:GetDateTimeAndPhone	144	static
../Core/Src/sim808.c:605:9:ReadMessageFromSim808	72	static
../Core/Src/sim808.c:663:6:SectionString	24	static
../Core/Src/sim808.c:671:6:sendMessage	24	static
../Core/Src/sim808.c:676:10:GetTimer	16	static
../Core/Src/sim808.c:685:6:ResetMessageParts	16	static
